Component: ARM Compiler 5.06 update 7 (build 960) Tool: armlink [4d3601]

==============================================================================

Section Cross References

    startup_stm32f407xx.o(RESET) refers to startup_stm32f407xx.o(STACK) for __initial_sp
    startup_stm32f407xx.o(RESET) refers to startup_stm32f407xx.o(.text) for Reset_Handler
    startup_stm32f407xx.o(RESET) refers to stm32f4xx_it.o(i.NMI_Handler) for NMI_Handler
    startup_stm32f407xx.o(RESET) refers to stm32f4xx_it.o(i.HardFault_Handler) for HardFault_Handler
    startup_stm32f407xx.o(RESET) refers to stm32f4xx_it.o(i.MemManage_Handler) for MemManage_Handler
    startup_stm32f407xx.o(RESET) refers to stm32f4xx_it.o(i.BusFault_Handler) for BusFault_Handler
    startup_stm32f407xx.o(RESET) refers to stm32f4xx_it.o(i.UsageFault_Handler) for UsageFault_Handler
    startup_stm32f407xx.o(RESET) refers to port.o(.emb_text) for SVC_Handler
    startup_stm32f407xx.o(RESET) refers to stm32f4xx_it.o(i.DebugMon_Handler) for DebugMon_Handler
    startup_stm32f407xx.o(RESET) refers to stm32f4xx_it.o(i.SysTick_Handler) for SysTick_Handler
    startup_stm32f407xx.o(RESET) refers to stm32f4xx_it.o(i.TIM1_UP_TIM10_IRQHandler) for TIM1_UP_TIM10_IRQHandler
    startup_stm32f407xx.o(RESET) refers to stm32f4xx_it.o(i.USART1_IRQHandler) for USART1_IRQHandler
    startup_stm32f407xx.o(RESET) refers to stm32f4xx_it.o(i.DMA2_Stream2_IRQHandler) for DMA2_Stream2_IRQHandler
    startup_stm32f407xx.o(RESET) refers to stm32f4xx_it.o(i.DMA2_Stream7_IRQHandler) for DMA2_Stream7_IRQHandler
    startup_stm32f407xx.o(.text) refers to system_stm32f4xx.o(i.SystemInit) for SystemInit
    startup_stm32f407xx.o(.text) refers to entry.o(.ARM.Collect$$$$00000000) for __main
    main.o(i.HAL_TIM_PeriodElapsedCallback) refers to stm32f4xx_hal.o(i.HAL_IncTick) for HAL_IncTick
    main.o(i.HardWare_Init) refers to shell_port.o(i.LetterShell_Init) for LetterShell_Init
    main.o(i.LED_Task) refers to stm32f4xx_hal_gpio.o(i.HAL_GPIO_TogglePin) for HAL_GPIO_TogglePin
    main.o(i.LED_Task) refers to timestamp.o(i.my_delay_ms) for my_delay_ms
    main.o(i.Shell_Task) refers to shell_port.o(i.LetterShell_Manage) for LetterShell_Manage
    main.o(i.Shell_Task) refers to timestamp.o(i.my_delay_ms) for my_delay_ms
    main.o(i.SystemClock_Config) refers to memseta.o(.text) for __aeabi_memclr4
    main.o(i.SystemClock_Config) refers to stm32f4xx_hal_rcc.o(i.HAL_RCC_OscConfig) for HAL_RCC_OscConfig
    main.o(i.SystemClock_Config) refers to main.o(i.Error_Handler) for Error_Handler
    main.o(i.SystemClock_Config) refers to stm32f4xx_hal_rcc.o(i.HAL_RCC_ClockConfig) for HAL_RCC_ClockConfig
    main.o(i.main) refers to stm32f4xx_hal.o(i.HAL_Init) for HAL_Init
    main.o(i.main) refers to perf_counter.o(i.init_cycle_counter) for init_cycle_counter
    main.o(i.main) refers to main.o(i.SystemClock_Config) for SystemClock_Config
    main.o(i.main) refers to gpio.o(i.MX_GPIO_Init) for MX_GPIO_Init
    main.o(i.main) refers to dma.o(i.MX_DMA_Init) for MX_DMA_Init
    main.o(i.main) refers to usart.o(i.MX_USART1_UART_Init) for MX_USART1_UART_Init
    main.o(i.main) refers to main.o(i.HardWare_Init) for HardWare_Init
    main.o(i.main) refers to tasks.o(i.xTaskCreate) for xTaskCreate
    main.o(i.main) refers to tasks.o(i.vTaskStartScheduler) for vTaskStartScheduler
    main.o(i.main) refers to main.o(.data) for LED_Task_Handle
    main.o(i.main) refers to main.o(i.LED_Task) for LED_Task
    main.o(i.main) refers to main.o(i.Shell_Task) for Shell_Task
    gpio.o(i.MX_GPIO_Init) refers to memseta.o(.text) for __aeabi_memclr4
    gpio.o(i.MX_GPIO_Init) refers to stm32f4xx_hal_gpio.o(i.HAL_GPIO_WritePin) for HAL_GPIO_WritePin
    gpio.o(i.MX_GPIO_Init) refers to stm32f4xx_hal_gpio.o(i.HAL_GPIO_Init) for HAL_GPIO_Init
    dma.o(i.MX_DMA_Init) refers to stm32f4xx_hal_cortex.o(i.HAL_NVIC_SetPriority) for HAL_NVIC_SetPriority
    dma.o(i.MX_DMA_Init) refers to stm32f4xx_hal_cortex.o(i.HAL_NVIC_EnableIRQ) for HAL_NVIC_EnableIRQ
    usart.o(i.HAL_UART_MspDeInit) refers to stm32f4xx_hal_gpio.o(i.HAL_GPIO_DeInit) for HAL_GPIO_DeInit
    usart.o(i.HAL_UART_MspDeInit) refers to stm32f4xx_hal_dma.o(i.HAL_DMA_DeInit) for HAL_DMA_DeInit
    usart.o(i.HAL_UART_MspDeInit) refers to stm32f4xx_hal_cortex.o(i.HAL_NVIC_DisableIRQ) for HAL_NVIC_DisableIRQ
    usart.o(i.HAL_UART_MspInit) refers to memseta.o(.text) for __aeabi_memclr4
    usart.o(i.HAL_UART_MspInit) refers to stm32f4xx_hal_gpio.o(i.HAL_GPIO_Init) for HAL_GPIO_Init
    usart.o(i.HAL_UART_MspInit) refers to stm32f4xx_hal_dma.o(i.HAL_DMA_Init) for HAL_DMA_Init
    usart.o(i.HAL_UART_MspInit) refers to main.o(i.Error_Handler) for Error_Handler
    usart.o(i.HAL_UART_MspInit) refers to stm32f4xx_hal_cortex.o(i.HAL_NVIC_SetPriority) for HAL_NVIC_SetPriority
    usart.o(i.HAL_UART_MspInit) refers to stm32f4xx_hal_cortex.o(i.HAL_NVIC_EnableIRQ) for HAL_NVIC_EnableIRQ
[...]
    .data                                    0x20000068   Section       24  heap_4.o(.data)
    xStart                                   0x20000068   Data           8  heap_4.o(.data)
    pxEnd                                    0x20000070   Data           4  heap_4.o(.data)
    xFreeBytesRemaining                      0x20000074   Data           4  heap_4.o(.data)
    xMinimumEverFreeBytesRemaining           0x20000078   Data           4  heap_4.o(.data)
    xBlockAllocatedBit                       0x2000007c   Data           4  heap_4.o(.data)
    .data                                    0x20000080   Section       12  port.o(.data)
    uxCriticalNesting                        0x20000080   Data           4  port.o(.data)
    ucMaxSysCallPriority                     0x20000084   Data           1  port.o(.data)
    ulMaxPRIGROUPValue                       0x20000088   Data           4  port.o(.data)
    .data                                    0x2000008c   Section       86  shell.o(.data)
    shellText                                0x2000008c   Data          84  shell.o(.data)
    .data                                    0x200000e8   Section       64  perf_counter.o(.data)
    s_lOldTimestamp                          0x200000f0   Data           8  perf_counter.o(.data)
    s_wUSUnit                                0x200000fc   Data           4  perf_counter.o(.data)
    s_wMSUnit                                0x20000100   Data           4  perf_counter.o(.data)
    s_wMSResidule                            0x20000104   Data           4  perf_counter.o(.data)
    s_wUSResidule                            0x20000108   Data           4  perf_counter.o(.data)
    s_lSystemMS                              0x20000110   Data           8  perf_counter.o(.data)
    s_lSystemUS                              0x20000118   Data           8  perf_counter.o(.data)
    s_lSystemClockCounts                     0x20000120   Data           8  perf_counter.o(.data)
    .data                                    0x20000128   Section        4  stdout.o(.data)
    .bss                                     0x2000012c   Section      264  usart.o(.bss)
    .bss                                     0x20000234   Section       72  stm32f4xx_hal_timebase_tim.o(.bss)
    .bss                                     0x2000027c   Section       80  queue.o(.bss)
    .bss                                     0x200002cc   Section      740  tasks.o(.bss)
    pxReadyTasksLists                        0x200002cc   Data         640  tasks.o(.bss)
    xDelayedTaskList1                        0x2000054c   Data          20  tasks.o(.bss)
    xDelayedTaskList2                        0x20000560   Data          20  tasks.o(.bss)
    xPendingReadyList                        0x20000574   Data          20  tasks.o(.bss)
    xTasksWaitingTermination                 0x20000588   Data          20  tasks.o(.bss)
    xSuspendedTaskList                       0x2000059c   Data          20  tasks.o(.bss)
    .bss                                     0x200005b0   Section       40  timers.o(.bss)
    xActiveTimerList1                        0x200005b0   Data          20  timers.o(.bss)
    xActiveTimerList2                        0x200005c4   Data          20  timers.o(.bss)
    .bss                                     0x200005d8   Section    36864  heap_4.o(.bss)
    ucHeap                                   0x200005d8   Data       36864  heap_4.o(.bss)
    .bss                                     0x200095d8   Section       29  shell.o(.bss)
    shellList                                0x200095d8   Data          20  shell.o(.bss)
    buffer                                   0x200095ec   Data           9  shell.o(.bss)
    .bss                                     0x200095f8   Section      364  shell_port.o(.bss)
    .bss                                     0x20009764   Section     1312  uart_api.o(.bss)
    STACK                                    0x20009c88   Section     1024  startup_stm32f407xx.o(STACK)

    Global Symbols

    Symbol Name                              Value     Ov Type        Size  Object(Section)

    BuildAttributes$$THM_ISAv4$E$P$D$K$B$S$7EM$VFPi3$EXTD16$VFPS$VFMA$PE$A:L22UL41UL21$X:L11$S22US41US21$IEEE1$IW$USESV6$~STKCKD$USESV7$~SHL$OSPACE$ROPI$EBA8$MICROLIB$REQ8$PRES8$EABIv2 0x00000000   Number         0  anon$$obj.o ABSOLUTE
    __ARM_use_no_argv                        0x00000000   Number         0  main.o ABSOLUTE
    _printf_a                                0x00000000   Number         0  stubs.o ABSOLUTE
    _printf_c                                0x00000000   Number         0  stubs.o ABSOLUTE
    _printf_charcount                        0x00000000   Number         0  stubs.o ABSOLUTE
    _printf_d                                0x00000000   Number         0  stubs.o ABSOLUTE
    _printf_e                                0x00000000   Number         0  stubs.o ABSOLUTE
    _printf_f                                0x00000000   Number         0  stubs.o ABSOLUTE
    _printf_flags                            0x00000000   Number         0  stubs.o ABSOLUTE
    _printf_fp_dec                           0x00000000   Number         0  stubs.o ABSOLUTE
    _printf_fp_hex                           0x00000000   Number         0  stubs.o ABSOLUTE
    _printf_g                                0x00000000   Number         0  stubs.o ABSOLUTE
    _printf_i                                0x00000000   Number         0  stubs.o ABSOLUTE
    _printf_int_dec                          0x00000000   Number         0  stubs.o ABSOLUTE
    _printf_l                                0x00000000   Number         0  stubs.o ABSOLUTE
    _printf_lc                               0x00000000   Number         0  stubs.o ABSOLUTE
    _printf_ll                               0x00000000   Number         0  stubs.o ABSOLUTE
    _printf_lld                              0x00000000   Number         0  stubs.o ABSOLUTE
    _printf_lli                              0x00000000   Number         0  stubs.o ABSOLUTE
    _printf_llo                              0x00000000   Number         0  stubs.o ABSOLUTE
    _printf_llu                              0x00000000   Number         0  stubs.o ABSOLUTE
    _printf_llx                              0x00000000   Number         0  stubs.o ABSOLUTE
    _printf_longlong_dec                     0x00000000   Number         0  stubs.o ABSOLUTE
    _printf_longlong_hex                     0x00000000   Number         0  stubs.o ABSOLUTE
    _printf_longlong_oct                     0x00000000   Number         0  stubs.o ABSOLUTE
    _printf_ls                               0x00000000   Number         0  stubs.o ABSOLUTE
    _printf_mbtowc                           0x00000000   Number         0  stubs.o ABSOLUTE
    _printf_n                                0x00000000   Number         0  stubs.o ABSOLUTE
    _printf_o                                0x00000000   Number         0  stubs.o ABSOLUTE
    _printf_p                                0x00000000   Number         0  stubs.o ABSOLUTE
    _printf_percent                          0x00000000   Number         0  stubs.o ABSOLUTE
    _printf_pre_padding                      0x00000000   Number         0  stubs.o ABSOLUTE
    _printf_return_value                     0x00000000   Number         0  stubs.o ABSOLUTE
    _printf_s                                0x00000000   Number         0  stubs.o ABSOLUTE
    _printf_sizespec                         0x00000000   Number         0  stubs.o ABSOLUTE
    _printf_str                              0x00000000   Number         0  stubs.o ABSOLUTE
    _printf_truncate_signed                  0x00000000   Number         0  stubs.o ABSOLUTE
    _printf_truncate_unsigned                0x00000000   Number         0  stubs.o ABSOLUTE
    _printf_u                                0x00000000   Number         0  stubs.o ABSOLUTE
    _printf_wc                               0x00000000   Number         0  stubs.o ABSOLUTE
    _printf_wctomb                           0x00000000   Number         0  stubs.o ABSOLUTE
    _printf_widthprec                        0x00000000   Number         0  stubs.o ABSOLUTE
    _printf_x                                0x00000000   Number         0  stubs.o ABSOLUTE
    __arm_fini_                               - Undefined Weak Reference
    __cxa_finalize                            - Undefined Weak Reference
    _clock_init                               - Undefined Weak Reference
    _microlib_exit                            - Undefined Weak Reference
    __Vectors_Size                           0x00000188   Number         0  startup_stm32f407xx.o ABSOLUTE
    __Vectors                                0x08000000   Data           4  startup_stm32f407xx.o(RESET)
    __Vectors_End                            0x08000188   Data           0  startup_stm32f407xx.o(RESET)
    __main                                   0x08000189   Thumb Code     0  entry.o(.ARM.Collect$$$$00000000)
    _main_stk                                0x08000189   Thumb Code     0  entry2.o(.ARM.Collect$$$$00000001)
    _main_scatterload                        0x0800018d   Thumb Code     0  entry5.o(.ARM.Collect$$$$00000004)
    __main_after_scatterload                 0x08000191   Thumb Code     0  entry5.o(.ARM.Collect$$$$00000004)
    _main_clock                              0x08000191   Thumb Code     0  entry7b.o(.ARM.Collect$$$$00000008)
    _main_cpp_init$empty                     0x08000191   Thumb Code     0  entry8a.o(.ARM.Collect$$$$00000009)
    _main_cpp_init                           0x08000195   Thumb Code     0  entry8b.o(.ARM.Collect$$$$0000000A)
    _main_init                               0x08000195   Thumb Code     0  entry9a.o(.ARM.Collect$$$$0000000B)
    __rt_lib_shutdown_fini                   0x0800019d   Thumb Code     0  entry12b.o(.ARM.Collect$$$$0000000E)
    __rt_final_cpp                           0x080001a1   Thumb Code     0  entry10a.o(.ARM.Collect$$$$0000000F)
    __rt_final_exit                          0x080001a1   Thumb Code     0  entry11a.o(.ARM.Collect$$$$00000011)
    SVC_Handler                              0x080001a5   Thumb Code    28  port.o(.emb_text)
    __asm___6_port_c_39a90d8d__prvStartFirstTask 0x080001c5   Thumb Code    28  port.o(.emb_text)
    __asm___6_port_c_39a90d8d__prvEnableVFP  0x080001e5   Thumb Code    16  port.o(.emb_text)
    PendSV_Handler                           0x080001f9   Thumb Code    88  port.o(.emb_text)
    vPortGetIPSR                             0x08000255   Thumb Code     6  port.o(.emb_text)
    Reset_Handler                            0x0800025d   Thumb Code     8  startup_stm32f407xx.o(.text)
    ADC_IRQHandler                           0x08000277   Thumb Code     0  startup_stm32f407xx.o(.text)
    CAN1_RX0_IRQHandler                      0x08000277   Thumb Code     0  startup_stm32f407xx.o(.text)
    CAN1_RX1_IRQHandler                      0x08000277   Thumb Code     0  startup_stm32f407xx.o(.text)
    CAN1_SCE_IRQHandler                      0x08000277   Thumb Code     0  startup_stm32f407xx.o(.text)
    CAN1_TX_IRQHandler                       0x08000277   Thumb Code     0  startup_stm32f407xx.o(.text)
    CAN2_RX0_IRQHandler                      0x08000277   Thumb Code     0  startup_stm32f407xx.o(.text)
    CAN2_RX1_IRQHandler                      0x08000277   Thumb Code     0  startup_stm32f407xx.o(.text)
    CAN2_SCE_IRQHandler                      0x08000277   Thumb Code     0  startup_stm32f407xx.o(.text)
    CAN2_TX_IRQHandler                       0x08000277   Thumb Code     0  startup_stm32f407xx.o(.text)
    DCMI_IRQHandler                          0x08000277   Thumb Code     0  startup_stm32f407xx.o(.text)
    DMA1_Stream0_IRQHandler                  0x08000277   Thumb Code     0  startup_stm32f407xx.o(.text)
    DMA1_Stream1_IRQHandler                  0x08000277   Thumb Code     0  startup_stm32f407xx.o(.text)
    DMA1_Stream2_IRQHandler                  0x08000277   Thumb Code     0  startup_stm32f407xx.o(.text)
    DMA1_Stream3_IRQHandler                  0x08000277   Thumb Code     0  startup_stm32f407xx.o(.text)
    DMA1_Stream4_IRQHandler                  0x08000277   Thumb Code     0  startup_stm32f407xx.o(.text)
    DMA1_Stream5_IRQHandler                  0x08000277   Thumb Code     0  startup_stm32f407xx.o(.text)
    DMA1_Stream6_IRQHandler                  0x08000277   Thumb Code     0  startup_stm32f407xx.o(.text)
    DMA1_Stream7_IRQHandler                  0x08000277   Thumb Code     0  startup_stm32f407xx.o(.text)
    DMA2_Stream0_IRQHandler                  0x08000277   Thumb Code     0  startup_stm32f407xx.o(.text)
    DMA2_Stream1_IRQHandler                  0x08000277   Thumb Code     0  startup_stm32f407xx.o(.text)
    DMA2_Stream3_IRQHandler                  0x08000277   Thumb Code     0  startup_stm32f407xx.o(.text)
    DMA2_Stream4_IRQHandler                  0x08000277   Thumb Code     0  startup_stm32f407xx.o(.text)
    DMA2_Stream5_IRQHandler                  0x08000277   Thumb Code     0  startup_stm32f407xx.o(.text)
    DMA2_Stream6_IRQHandler                  0x08000277   Thumb Code     0  startup_stm32f407xx.o(.text)
    ETH_IRQHandler                           0x08000277   Thumb Code     0  startup_stm32f407xx.o(.text)
    ETH_WKUP_IRQHandler                      0x08000277   Thumb Code     0  startup_stm32f407xx.o(.text)
    EXTI0_IRQHandler                         0x08000277   Thumb Code     0  startup_stm32f407xx.o(.text)
    EXTI15_10_IRQHandler                     0x08000277   Thumb Code     0  startup_stm32f407xx.o(.text)
    EXTI1_IRQHandler                         0x08000277   Thumb Code     0  startup_stm32f407xx.o(.text)
    EXTI2_IRQHandler                         0x08000277   Thumb Code     0  startup_stm32f407xx.o(.text)
    EXTI3_IRQHandler                         0x08000277   Thumb Code     0  startup_stm32f407xx.o(.text)
    EXTI4_IRQHandler                         0x08000277   Thumb Code     0  startup_stm32f407xx.o(.text)
    EXTI9_5_IRQHandler                       0x08000277   Thumb Code     0  startup_stm32f407xx.o(.text)
    FLASH_IRQHandler                         0x08000277   Thumb Code     0  startup_stm32f407xx.o(.text)
    FMC_IRQHandler                           0x08000277   Thumb Code     0  startup_stm32f407xx.o(.text)
    FPU_IRQHandler                           0x08000277   Thumb Code     0  startup_stm32f407xx.o(.text)
    HASH_RNG_IRQHandler                      0x08000277   Thumb Code     0  startup_stm32f407xx.o(.text)
    I2C1_ER_IRQHandler                       0x08000277   Thumb Code     0  startup_stm32f407xx.o(.text)
    I2C1_EV_IRQHandler                       0x08000277   Thumb Code     0  startup_stm32f407xx.o(.text)
    I2C2_ER_IRQHandler                       0x08000277   Thumb Code     0  startup_stm32f407xx.o(.text)
    I2C2_EV_IRQHandler                       0x08000277   Thumb Code     0  startup_stm32f407xx.o(.text)
    I2C3_ER_IRQHandler                       0x08000277   Thumb Code     0  startup_stm32f407xx.o(.text)
    I2C3_EV_IRQHandler                       0x08000277   Thumb Code     0  startup_stm32f407xx.o(.text)
    OTG_FS_IRQHandler                        0x08000277   Thumb Code     0  startup_stm32f407xx.o(.text)
    OTG_FS_WKUP_IRQHandler                   0x08000277   Thumb Code     0  startup_stm32f407xx.o(.text)
    OTG_HS_EP1_IN_IRQHandler                 0x08000277   Thumb Code     0  startup_stm32f407xx.o(.text)
    OTG_HS_EP1_OUT_IRQHandler                0x08000277   Thumb Code     0  startup_stm32f407xx.o(.text)
    OTG_HS_IRQHandler                        0x08000277   Thumb Code     0  startup_stm32f407xx.o(.text)
    OTG_HS_WKUP_IRQHandler                   0x08000277   Thumb Code     0  startup_stm32f407xx.o(.text)
    PVD_IRQHandler                           0x08000277   Thumb Code     0  startup_stm32f407xx.o(.text)
    RCC_IRQHandler                           0x08000277   Thumb Code     0  startup_stm32f407xx.o(.text)
    RTC_Alarm_IRQHandler                     0x08000277   Thumb Code     0  startup_stm32f407xx.o(.text)
    RTC_WKUP_IRQHandler                      0x08000277   Thumb Code     0  startup_stm32f407xx.o(.text)
    SDIO_IRQHandler                          0x08000277   Thumb Code     0  startup_stm32f407xx.o(.text)
    SPI1_IRQHandler                          0x08000277   Thumb Code     0  startup_stm32f407xx.o(.text)
    SPI2_IRQHandler                          0x08000277   Thumb Code     0  startup_stm32f407xx.o(.text)
    SPI3_IRQHandler                          0x08000277   Thumb Code     0  startup_stm32f407xx.o(.text)
    TAMP_STAMP_IRQHandler                    0x08000277   Thumb Code     0  startup_stm32f407xx.o(.text)
    TIM1_BRK_TIM9_IRQHandler                 0x08000277   Thumb Code     0  startup_stm32f407xx.o(.text)
    TIM1_CC_IRQHandler                       0x08000277   Thumb Code     0  startup_stm32f407xx.o(.text)
    TIM1_TRG_COM_TIM11_IRQHandler            0x08000277   Thumb Code     0  startup_stm32f407xx.o(.text)
    TIM2_IRQHandler                          0x08000277   Thumb Code     0  startup_stm32f407xx.o(.text)
    TIM3_IRQHandler                          0x08000277   Thumb Code     0  startup_stm32f407xx.o(.text)
    TIM4_IRQHandler                          0x08000277   Thumb Code     0  startup_stm32f407xx.o(.text)
    TIM5_IRQHandler                          0x08000277   Thumb Code     0  startup_stm32f407xx.o(.text)
    TIM6_DAC_IRQHandler                      0x08000277   Thumb Code     0  startup_stm32f407xx.o(.text)
    TIM7_IRQHandler                          0x08000277   Thumb Code     0  startup_stm32f407xx.o(.text)
    TIM8_BRK_TIM12_IRQHandler                0x08000277   Thumb Code     0  startup_stm32f407xx.o(.text)
    TIM8_CC_IRQHandler                       0x08000277   Thumb Code     0  startup_stm32f407xx.o(.text)
    TIM8_TRG_COM_TIM14_IRQHandler            0x08000277   Thumb Code     0  startup_stm32f407xx.o(.text)
    TIM8_UP_TIM13_IRQHandler                 0x08000277   Thumb Code     0  startup_stm32f407xx.o(.text)
    UART4_IRQHandler                         0x08000277   Thumb Code     0  startup_stm32f407xx.o(.text)
    UART5_IRQHandler                         0x08000277   Thumb Code     0  startup_stm32f407xx.o(.text)
    USART2_IRQHandler                        0x08000277   Thumb Code     0  startup_stm32f407xx.o(.text)
    USART3_IRQHandler                        0x08000277   Thumb Code     0  startup_stm32f407xx.o(.text)
    USART6_IRQHandler                        0x08000277   Thumb Code     0  startup_stm32f407xx.o(.text)
    WWDG_IRQHandler                          0x08000277   Thumb Code     0  startup_stm32f407xx.o(.text)
    __aeabi_uldivmod                         0x08000281   Thumb Code    98  uldiv.o(.text)
    __aeabi_ldivmod                          0x080002e3   Thumb Code    98  ldiv.o(.text)
    __aeabi_memcpy                           0x08000345   Thumb Code    36  memcpya.o(.text)
    __aeabi_memcpy4                          0x08000345   Thumb Code     0  memcpya.o(.text)
    __aeabi_memcpy8                          0x08000345   Thumb Code     0  memcpya.o(.text)
    __aeabi_memset                           0x08000369   Thumb Code    14  memseta.o(.text)
    __aeabi_memset4                          0x08000369   Thumb Code     0  memseta.o(.text)
    __aeabi_memset8                          0x08000369   Thumb Code     0  memseta.o(.text)
    __aeabi_memclr                           0x08000377   Thumb Code     4  memseta.o(.text)
    __aeabi_memclr4                          0x08000377   Thumb Code     0  memseta.o(.text)
    __aeabi_memclr8                          0x08000377   Thumb Code     0  memseta.o(.text)
    _memset$wrapper                          0x0800037b   Thumb Code    18  memseta.o(.text)
    strlen                                   0x0800038d   Thumb Code    14  strlen.o(.text)
    strcmp                                   0x0800039b   Thumb Code    28  strcmp.o(.text)
    strncmp                                  0x080003b7   Thumb Code    30  strncmp.o(.text)
    __cpp_initialize__aeabi_                 0x080003d5   Thumb Code    22  cpp_init.o(.text)
    __aeabi_uidiv                            0x080003f5   Thumb Code     0  uidiv.o(.text)
    __aeabi_uidivmod                         0x080003f5   Thumb Code    44  uidiv.o(.text)
    __aeabi_llsl                             0x08000421   Thumb Code    30  llshl.o(.text)
    _ll_shift_l                              0x08000421   Thumb Code     0  llshl.o(.text)
    __aeabi_llsr                             0x0800043f   Thumb Code    32  llushr.o(.text)
    _ll_ushift_r                             0x0800043f   Thumb Code     0  llushr.o(.text)
    __I$use$fp                               0x0800045f   Thumb Code     0  iusefp.o(.text)
    __aeabi_dadd                             0x0800045f   Thumb Code   322  dadd.o(.text)
    __aeabi_dsub                             0x080005a1   Thumb Code     6  dadd.o(.text)
    __aeabi_drsub                            0x080005a7   Thumb Code     6  dadd.o(.text)
    __aeabi_dmul                             0x080005ad   Thumb Code   228  dmul.o(.text)
    __aeabi_ddiv                             0x08000691   Thumb Code   222  ddiv.o(.text)
    __aeabi_d2ulz                            0x0800076f   Thumb Code    48  dfixul.o(.text)
    __aeabi_cdrcmple                         0x080007a1   Thumb Code    48  cdrcmple.o(.text)
    __scatterload                            0x080007d1   Thumb Code    28  init.o(.text)
    __scatterload_rt2                        0x080007d1   Thumb Code     0  init.o(.text)
    __aeabi_lasr                             0x080007f5   Thumb Code    36  llsshr.o(.text)
    _ll_sshift_r                             0x080007f5   Thumb Code     0  llsshr.o(.text)
    _double_round                            0x08000819   Thumb Code    30  depilogue.o(.text)
    _double_epilogue                         0x08000837   Thumb Code   156  depilogue.o(.text)
    __decompress                             0x080008d3   Thumb Code     0  __dczerorl2.o(.text)
    __decompress1                            0x080008d3   Thumb Code    86  __dczerorl2.o(.text)
    BusFault_Handler                         0x08000929   Thumb Code     4  stm32f4xx_it.o(i.BusFault_Handler)
    CircularQueue_GetLength                  0x0800092d   Thumb Code     6  circular_queue.o(i.CircularQueue_GetLength)
    CircularQueue_GiveByte                   0x08000933   Thumb Code    52  circular_queue.o(i.CircularQueue_GiveByte)
    CircularQueue_Init                       0x08000967   Thumb Code    24  circular_queue.o(i.CircularQueue_Init)
    CircularQueue_IsEmpty                    0x0800097f   Thumb Code    14  circular_queue.o(i.CircularQueue_IsEmpty)
    CircularQueue_IsFull                     0x0800098d   Thumb Code    18  circular_queue.o(i.CircularQueue_IsFull)
    CircularQueue_SendBuffer                 0x0800099f   Thumb Code    56  circular_queue.o(i.CircularQueue_SendBuffer)
    CircularQueue_SendByte                   0x080009d7   Thumb Code    50  circular_queue.o(i.CircularQueue_SendByte)
    DMA2_Stream2_IRQHandler                  0x08000a09   Thumb Code    10  stm32f4xx_it.o(i.DMA2_Stream2_IRQHandler)
    DMA2_Stream7_IRQHandler                  0x08000a19   Thumb Code    10  stm32f4xx_it.o(i.DMA2_Stream7_IRQHandler)
    DebugMon_Handler                         0x08000b33   Thumb Code     2  stm32f4xx_it.o(i.DebugMon_Handler)
    Error_Handler                            0x08000b35   Thumb Code     6  main.o(i.Error_Handler)
    HAL_DMA_Abort                            0x08000b3b   Thumb Code   172  stm32f4xx_hal_dma.o(i.HAL_DMA_Abort)
    HAL_DMA_Abort_IT                         0x08000be7   Thumb Code    40  stm32f4xx_hal_dma.o(i.HAL_DMA_Abort_IT)
    HAL_DMA_IRQHandler                       0x08000c11   Thumb Code   570  stm32f4xx_hal_dma.o(i.HAL_DMA_IRQHandler)
    HAL_DMA_Init                             0x08000e51   Thumb Code   232  stm32f4xx_hal_dma.o(i.HAL_DMA_Init)
    HAL_DMA_Start                            0x08000f3d   Thumb Code   102  stm32f4xx_hal_dma.o(i.HAL_DMA_Start)
    HAL_DMA_Start_IT                         0x08000fa3   Thumb Code   146  stm32f4xx_hal_dma.o(i.HAL_DMA_Start_IT)
    HAL_GPIO_Init                            0x08001035   Thumb Code   454  stm32f4xx_hal_gpio.o(i.HAL_GPIO_Init)
    HAL_GPIO_TogglePin                       0x08001229   Thumb Code    20  stm32f4xx_hal_gpio.o(i.HAL_GPIO_TogglePin)
    HAL_GPIO_WritePin                        0x0800123d   Thumb Code    12  stm32f4xx_hal_gpio.o(i.HAL_GPIO_WritePin)
    HAL_GetTick                              0x08001249   Thumb Code     6  stm32f4xx_hal.o(i.HAL_GetTick)
    HAL_IncTick                              0x08001255   Thumb Code    16  stm32f4xx_hal.o(i.HAL_IncTick)
    HAL_Init                                 0x0800126d   Thumb Code    54  stm32f4xx_hal.o(i.HAL_Init)
    HAL_InitTick                             0x080012a9   Thumb Code   140  stm32f4xx_hal_timebase_tim.o(i.HAL_InitTick)
    HAL_MspInit                              0x08001349   Thumb Code    68  stm32f4xx_hal_msp.o(i.HAL_MspInit)
    HAL_NVIC_EnableIRQ                       0x08001391   Thumb Code    40  stm32f4xx_hal_cortex.o(i.HAL_NVIC_EnableIRQ)
    HAL_NVIC_SetPriority                     0x080013b9   Thumb Code   124  stm32f4xx_hal_cortex.o(i.HAL_NVIC_SetPriority)
    HAL_NVIC_SetPriorityGrouping             0x08001435   Thumb Code    32  stm32f4xx_hal_cortex.o(i.HAL_NVIC_SetPriorityGrouping)
    HAL_RCC_ClockConfig                      0x0800145d   Thumb Code   368  stm32f4xx_hal_rcc.o(i.HAL_RCC_ClockConfig)
    HAL_RCC_GetClockConfig                   0x080015e1   Thumb Code    58  stm32f4xx_hal_rcc.o(i.HAL_RCC_GetClockConfig)
    HAL_RCC_GetHCLKFreq                      0x08001625   Thumb Code     6  stm32f4xx_hal_rcc.o(i.HAL_RCC_GetHCLKFreq)
    HAL_RCC_GetPCLK1Freq                     0x08001631   Thumb Code    22  stm32f4xx_hal_rcc.o(i.HAL_RCC_GetPCLK1Freq)
    HAL_RCC_GetPCLK2Freq                     0x08001651   Thumb Code    22  stm32f4xx_hal_rcc.o(i.HAL_RCC_GetPCLK2Freq)
    HAL_RCC_GetSysClockFreq                  0x08001671   Thumb Code   162  stm32f4xx_hal_rcc.o(i.HAL_RCC_GetSysClockFreq)
    HAL_RCC_OscConfig                        0x08001721   Thumb Code  1172  stm32f4xx_hal_rcc.o(i.HAL_RCC_OscConfig)
    HAL_TIMEx_BreakCallback                  0x08001bbd   Thumb Code     2  stm32f4xx_hal_tim_ex.o(i.HAL_TIMEx_BreakCallback)
    HAL_TIMEx_CommutCallback                 0x08001bbf   Thumb Code     2  stm32f4xx_hal_tim_ex.o(i.HAL_TIMEx_CommutCallback)
    HAL_TIM_Base_Init                        0x08001bc1   Thumb Code   102  stm32f4xx_hal_tim.o(i.HAL_TIM_Base_Init)
    HAL_TIM_Base_MspInit                     0x08001c27   Thumb Code     2  stm32f4xx_hal_tim.o(i.HAL_TIM_Base_MspInit)
    HAL_TIM_Base_Start_IT                    0x08001c29   Thumb Code   138  stm32f4xx_hal_tim.o(i.HAL_TIM_Base_Start_IT)
    HAL_TIM_IC_CaptureCallback               0x08001cd1   Thumb Code     2  stm32f4xx_hal_tim.o(i.HAL_TIM_IC_CaptureCallback)
    HAL_TIM_IRQHandler                       0x08001cd3   Thumb Code   364  stm32f4xx_hal_tim.o(i.HAL_TIM_IRQHandler)
    HAL_TIM_OC_DelayElapsedCallback          0x08001e3f   Thumb Code     2  stm32f4xx_hal_tim.o(i.HAL_TIM_OC_DelayElapsedCallback)
    HAL_TIM_PWM_PulseFinishedCallback        0x08001e41   Thumb Code     2  stm32f4xx_hal_tim.o(i.HAL_TIM_PWM_PulseFinishedCallback)
    HAL_TIM_PeriodElapsedCallback            0x08001e45   Thumb Code    18  main.o(i.HAL_TIM_PeriodElapsedCallback)
    HAL_TIM_TriggerCallback                  0x08001e5d   Thumb Code     2  stm32f4xx_hal_tim.o(i.HAL_TIM_TriggerCallback)
    HAL_UARTEx_RxEventCallback               0x08001e5f   Thumb Code     2  stm32f4xx_hal_uart.o(i.HAL_UARTEx_RxEventCallback)
    HAL_UART_ErrorCallback                   0x08001e61   Thumb Code     2  stm32f4xx_hal_uart.o(i.HAL_UART_ErrorCallback)
    HAL_UART_IRQHandler                      0x08001e65   Thumb Code   740  stm32f4xx_hal_uart.o(i.HAL_UART_IRQHandler)
    HAL_UART_Init                            0x0800214d   Thumb Code   118  stm32f4xx_hal_uart.o(i.HAL_UART_Init)
    HAL_UART_MspInit                         0x080021c5   Thumb Code   302  usart.o(i.HAL_UART_MspInit)
    HAL_UART_Receive_DMA                     0x0800230d   Thumb Code    44  stm32f4xx_hal_uart.o(i.HAL_UART_Receive_DMA)
    HAL_UART_RxCpltCallback                  0x08002339   Thumb Code     2  stm32f4xx_hal_uart.o(i.HAL_UART_RxCpltCallback)
    HAL_UART_RxHalfCpltCallback              0x0800233b   Thumb Code     2  stm32f4xx_hal_uart.o(i.HAL_UART_RxHalfCpltCallback)
    HAL_UART_Transmit_DMA                    0x0800233d   Thumb Code   128  stm32f4xx_hal_uart.o(i.HAL_UART_Transmit_DMA)
    HAL_UART_TxCpltCallback                  0x080023c9   Thumb Code     2  stm32f4xx_hal_uart.o(i.HAL_UART_TxCpltCallback)
    HAL_UART_TxHalfCpltCallback              0x080023cb   Thumb Code     2  stm32f4xx_hal_uart.o(i.HAL_UART_TxHalfCpltCallback)
    HardFault_Handler                        0x080023cd   Thumb Code     4  stm32f4xx_it.o(i.HardFault_Handler)
    HardWare_Init                            0x080023d1   Thumb Code     8  main.o(i.HardWare_Init)
    LED_Task                                 0x080023d9   Thumb Code    22  main.o(i.LED_Task)
    LetterShell_Init                         0x080023f5   Thumb Code    40  shell_port.o(i.LetterShell_Init)
    LetterShell_Manage                       0x0800242d   Thumb Code    50  shell_port.o(i.LetterShell_Manage)
    MX_DMA_Init                              0x08002499   Thumb Code    68  dma.o(i.MX_DMA_Init)
    MX_GPIO_Init                             0x080024e1   Thumb Code   144  gpio.o(i.MX_GPIO_Init)
    MX_USART1_UART_Init                      0x08002579   Thumb Code    72  usart.o(i.MX_USART1_UART_Init)
    MemManage_Handler                        0x080025cd   Thumb Code     4  stm32f4xx_it.o(i.MemManage_Handler)
    NMI_Handler                              0x080025d1   Thumb Code     4  stm32f4xx_it.o(i.NMI_Handler)
    Shell_Task                               0x080025d5   Thumb Code    14  main.o(i.Shell_Task)
    SysTick_Handler                          0x080025e3   Thumb Code    20  stm32f4xx_it.o(i.SysTick_Handler)
    SystemClock_Config                       0x080025f9   Thumb Code   170  main.o(i.SystemClock_Config)
    SystemInit                               0x080026ad   Thumb Code    14  system_stm32f4xx.o(i.SystemInit)
    TIM1_UP_TIM10_IRQHandler                 0x080026c1   Thumb Code    10  stm32f4xx_it.o(i.TIM1_UP_TIM10_IRQHandler)
    TIM_Base_SetConfig                       0x080026d1   Thumb Code   186  stm32f4xx_hal_tim.o(i.TIM_Base_SetConfig)
    UART_Start_Receive_DMA                   0x08002d35   Thumb Code   186  stm32f4xx_hal_uart.o(i.UART_Start_Receive_DMA)
    USART1_IRQHandler                        0x08002e5d   Thumb Code    54  stm32f4xx_it.o(i.USART1_IRQHandler)
    Uart_Dev_Init                            0x08002e99   Thumb Code    54  uart_api.o(i.Uart_Dev_Init)
    Uart_RxIdleCpltCallBack                  0x08002edd   Thumb Code    72  uart_api.o(i.Uart_RxIdleCpltCallBack)
    UsageFault_Handler                       0x08002f35   Thumb Code     4  stm32f4xx_it.o(i.UsageFault_Handler)
    __0printf                                0x08002f39   Thumb Code    22  printfa.o(i.__0printf)
    __1printf                                0x08002f39   Thumb Code     0  printfa.o(i.__0printf)
    __2printf                                0x08002f39   Thumb Code     0  printfa.o(i.__0printf)
    __c89printf                              0x08002f39   Thumb Code     0  printfa.o(i.__0printf)
    printf                                   0x08002f39   Thumb Code     0  printfa.o(i.__0printf)
    __perf_counter_init                      0x08002f91   Thumb Code    10  perf_counter.o(i.__perf_counter_init)
    __perf_os_patch_init                     0x08002f9b   Thumb Code     2  perf_counter.o(i.__perf_os_patch_init)
    __scatterload_copy                       0x08002f9d   Thumb Code    14  handlers.o(i.__scatterload_copy)
    __scatterload_null                       0x08002fab   Thumb Code     2  handlers.o(i.__scatterload_null)
    __scatterload_zeroinit                   0x08002fad   Thumb Code    14  handlers.o(i.__scatterload_zeroinit)
    fputc                                    0x0800387d   Thumb Code    20  usart.o(i.fputc)
    func                                     0x08003895   Thumb Code    38  shell_port.o(i.func)
    get_system_ticks                         0x080038d9   Thumb Code    86  perf_counter.o(i.get_system_ticks)
    init_cycle_counter                       0x08003939   Thumb Code    86  perf_counter.o(i.init_cycle_counter)
    main                                     0x080039a1   Thumb Code    86  main.o(i.main)
    my_delay_ms                              0x08003a21   Thumb Code    52  timestamp.o(i.my_delay_ms)
    my_delay_us                              0x08003a55   Thumb Code     2  timestamp.o(i.my_delay_us)
    perfc_port_clear_system_timer_ovf_pending 0x08003a59   Thumb Code    10  perfc_port_default.o(i.perfc_port_clear_system_timer_ovf_pending)
    perfc_port_get_system_timer_elapsed      0x08003a75   Thumb Code    18  perfc_port_default.o(i.perfc_port_get_system_timer_elapsed)
    perfc_port_get_system_timer_freq         0x08003a89   Thumb Code     6  perfc_port_default.o(i.perfc_port_get_system_timer_freq)
    perfc_port_get_system_timer_top          0x08003a95   Thumb Code    10  perfc_port_default.o(i.perfc_port_get_system_timer_top)
    perfc_port_init_system_timer             0x08003a9f   Thumb Code    82  perfc_port_default.o(i.perfc_port_init_system_timer)
    perfc_port_insert_to_system_timer_insert_ovf_handler 0x08003af1   Thumb Code   166  perf_counter.o(i.perfc_port_insert_to_system_timer_insert_ovf_handler)
    perfc_port_is_system_timer_ovf_pending   0x08003bb5   Thumb Code    10  perfc_port_default.o(i.perfc_port_is_system_timer_ovf_pending)
    pvPortMalloc                             0x080046c5   Thumb Code   262  heap_4.o(i.pvPortMalloc)
    pvTaskIncrementMutexHeldCount            0x08004815   Thumb Code    26  tasks.o(i.pvTaskIncrementMutexHeldCount)
    pxPortInitialiseStack                    0x08004835   Thumb Code    38  port.o(i.pxPortInitialiseStack)
    shellBackspace                           0x08004889   Thumb Code    14  shell.o(i.shellBackspace)
    shellCheckPermission                     0x080048dd   Thumb Code    58  shell.o(i.shellCheckPermission)
    shellClear                               0x08004919   Thumb Code    22  shell.o(i.shellClear)
    shellClearCommandLine                    0x08004935   Thumb Code    40  shell.o(i.shellClearCommandLine)
    shellCmds                                0x0800495d   Thumb Code    18  shell.o(i.shellCmds)
    shellDelete                              0x0800496f   Thumb Code    16  shell.o(i.shellDelete)
    shellDeleteByte                          0x0800497f   Thumb Code   218  shell.o(i.shellDeleteByte)
    shellDeleteCommandLine                   0x08004a59   Thumb Code    28  shell.o(i.shellDeleteCommandLine)
    shellDown                                0x08004a79   Thumb Code    16  shell.o(i.shellDown)
    shellEnter                               0x08004a89   Thumb Code    20  shell.o(i.shellEnter)
    shellExec                                0x08004a9d   Thumb Code   108  shell.o(i.shellExec)
    shellExtParsePara                        0x08004ca9   Thumb Code   122  shell_ext.o(i.shellExtParsePara)
    shellExtRun                              0x08004d9d   Thumb Code   256  shell_ext.o(i.shellExtRun)
    shellGetCurrent                          0x08004f55   Thumb Code    48  shell.o(i.shellGetCurrent)
    shellGetVarValue                         0x08004f89   Thumb Code    88  shell.o(i.shellGetVarValue)
    shellHandler                             0x08004fe1   Thumb Code   232  shell.o(i.shellHandler)
    shellHelp                                0x080050cd   Thumb Code    44  shell.o(i.shellHelp)
    shellInit                                0x08005235   Thumb Code   142  shell.o(i.shellInit)
    shellInsertByte                          0x080052d5   Thumb Code   244  shell.o(i.shellInsertByte)
    shellKeys                                0x080053cd   Thumb Code    18  shell.o(i.shellKeys)
    shellLeft                                0x080053df   Thumb Code    26  shell.o(i.shellLeft)
    shellListAll                             0x080053f9   Thumb Code    12  shell.o(i.shellListAll)
    shellListCommand                         0x08005405   Thumb Code    70  shell.o(i.shellListCommand)
    shellListItem                            0x08005451   Thumb Code   238  shell.o(i.shellListItem)
    shellListKey                             0x0800554d   Thumb Code    84  shell.o(i.shellListKey)
    shellListUser                            0x080055a5   Thumb Code    84  shell.o(i.shellListUser)
    shellListVar                             0x080055fd   Thumb Code    84  shell.o(i.shellListVar)
    shellNormalInput                         0x08005655   Thumb Code    28  shell.o(i.shellNormalInput)
    shellRight                               0x080056f3   Thumb Code    30  shell.o(i.shellRight)
    shellRunCommand                          0x08005711   Thumb Code   178  shell.o(i.shellRunCommand)
    shellSeekCommand                         0x080057c3   Thumb Code   122  shell.o(i.shellSeekCommand)
    shellSetUser                             0x0800583d   Thumb Code    86  shell.o(i.shellSetUser)
    shellSetVar                              0x08005899   Thumb Code   106  shell.o(i.shellSetVar)
    shellSetVarValue                         0x08005909   Thumb Code   148  shell.o(i.shellSetVarValue)
    shellSplit                               0x08005a61   Thumb Code   274  shell.o(i.shellSplit)
    shellTab                                 0x08005bbd   Thumb Code   266  shell.o(i.shellTab)
    shellToDec                               0x08005ccd   Thumb Code    86  shell.o(i.shellToDec)
    shellToHex                               0x08005d23   Thumb Code    56  shell.o(i.shellToHex)
    shellUp                                  0x08005d5b   Thumb Code    14  shell.o(i.shellUp)
    shellUsers                               0x08005d69   Thumb Code    18  shell.o(i.shellUsers)
    shellVars                                0x08005d7b   Thumb Code    18  shell.o(i.shellVars)
    shellWriteString                         0x08005f59   Thumb Code    48  shell.o(i.shellWriteString)
    update_perf_counter                      0x08005f89   Thumb Code    94  perf_counter.o(i.update_perf_counter)
    uxListRemove                             0x08005ffd   Thumb Code    40  list.o(i.uxListRemove)
    vListInitialise                          0x08006025   Thumb Code    26  list.o(i.vListInitialise)
    vListInitialiseItem                      0x0800603f   Thumb Code     6  list.o(i.vListInitialiseItem)
    vListInsert                              0x08006045   Thumb Code    52  list.o(i.vListInsert)
    vListInsertEnd                           0x08006079   Thumb Code    24  list.o(i.vListInsertEnd)
    vPortEnterCritical                       0x08006091   Thumb Code    68  port.o(i.vPortEnterCritical)
    vPortExitCritical                        0x08006115   Thumb Code    48  port.o(i.vPortExitCritical)
    vPortFree                                0x08006181   Thumb Code   120  heap_4.o(i.vPortFree)
    vPortSetupTimerInterrupt                 0x08006235   Thumb Code    26  port.o(i.vPortSetupTimerInterrupt)
    vPortValidateInterruptPriority           0x08006255   Thumb Code    86  port.o(i.vPortValidateInterruptPriority)
    vQueueAddToRegistry                      0x080062f1   Thumb Code    38  queue.o(i.vQueueAddToRegistry)
    vQueueWaitForMessageRestricted           0x0800631d   Thumb Code    74  queue.o(i.vQueueWaitForMessageRestricted)
    vTaskDelay                               0x08006369   Thumb Code    72  tasks.o(i.vTaskDelay)
    vTaskMissedYield                         0x080063e1   Thumb Code     8  tasks.o(i.vTaskMissedYield)
    vTaskPlaceOnEventList                    0x080063ed   Thumb Code    42  tasks.o(i.vTaskPlaceOnEventList)
    vTaskPlaceOnEventListRestricted          0x08006445   Thumb Code    50  tasks.o(i.vTaskPlaceOnEventListRestricted)
    vTaskPriorityInherit                     0x080064a5   Thumb Code   164  tasks.o(i.vTaskPriorityInherit)
    vTaskSetTimeOutState                     0x08006555   Thumb Code    32  tasks.o(i.vTaskSetTimeOutState)
    vTaskStartScheduler                      0x080065a5   Thumb Code   108  tasks.o(i.vTaskStartScheduler)
    vTaskSuspendAll                          0x08006655   Thumb Code    12  tasks.o(i.vTaskSuspendAll)
    vTaskSwitchContext                       0x08006665   Thumb Code   110  tasks.o(i.vTaskSwitchContext)
    xPortStartScheduler                      0x08006711   Thumb Code   258  port.o(i.xPortStartScheduler)
    xPortSysTickHandler                      0x08006869   Thumb Code    46  port.o(i.xPortSysTickHandler)
    xQueueGenericCreate                      0x0800689d   Thumb Code    78  queue.o(i.xQueueGenericCreate)
    xQueueGenericReceive                     0x08006915   Thumb Code   416  queue.o(i.xQueueGenericReceive)
    xQueueGenericReset                       0x08006ae1   Thumb Code   136  queue.o(i.xQueueGenericReset)
    xQueueGenericSend                        0x08006b95   Thumb Code   412  queue.o(i.xQueueGenericSend)
    xQueueGenericSendFromISR                 0x08006d5d   Thumb Code   234  queue.o(i.xQueueGenericSendFromISR)
    xTaskCheckForTimeOut                     0x08006e71   Thumb Code   116  tasks.o(i.xTaskCheckForTimeOut)
    xTaskCreate                              0x08006f15   Thumb Code    96  tasks.o(i.xTaskCreate)
    xTaskGetSchedulerState                   0x08006f75   Thumb Code    24  tasks.o(i.xTaskGetSchedulerState)
    xTaskGetTickCount                        0x08006f95   Thumb Code     6  tasks.o(i.xTaskGetTickCount)
    xTaskIncrementTick                       0x08006fa1   Thumb Code   272  tasks.o(i.xTaskIncrementTick)
    xTaskPriorityDisinherit                  0x08007105   Thumb Code   168  tasks.o(i.xTaskPriorityDisinherit)
    xTaskRemoveFromEventList                 0x080071e1   Thumb Code   118  tasks.o(i.xTaskRemoveFromEventList)
    xTaskResumeAll                           0x08007299   Thumb Code   214  tasks.o(i.xTaskResumeAll)
    xTimerCreateTimerTask                    0x080073bd   Thumb Code    56  timers.o(i.xTimerCreateTimerTask)
    xTimerGenericCommand                     0x08007435   Thumb Code   118  timers.o(i.xTimerGenericCommand)
    AHBPrescTable                            0x080074e4   Data          16  system_stm32f4xx.o(.constdata)
    APBPrescTable                            0x080074f4   Data           8  system_stm32f4xx.o(.constdata)
    shellCmdDefaultUser                      0x080074fc   Data           7  shell.o(.constdata)
    shellPasswordDefaultUser                 0x08007503   Data           1  shell.o(.constdata)
    shellDesDefaultUser                      0x08007504   Data          13  shell.o(.constdata)
    shellCmdsetVar                           0x08007511   Data           7  shell.o(.constdata)
    shellDescsetVar                          0x08007518   Data           8  shell.o(.constdata)
    shellDesc0x1B5B4100                      0x08007520   Data           3  shell.o(.constdata)
    shellDesc0x1B5B4200                      0x08007523   Data           5  shell.o(.constdata)
    shellDesc0x1B5B4300                      0x08007528   Data           6  shell.o(.constdata)
    shellDesc0x1B5B4400                      0x0800752e   Data           5  shell.o(.constdata)
    shellDesc0x09000000                      0x08007533   Data           4  shell.o(.constdata)
    shellDesc0x08000000                      0x08007537   Data          10  shell.o(.constdata)
    shellDesc0x7F000000                      0x08007541   Data          10  shell.o(.constdata)
    shellDesc0x1B5B337E                      0x0800754b   Data           7  shell.o(.constdata)
    shellDesc0x0A000000                      0x08007552   Data           6  shell.o(.constdata)
    shellDesc0x0D000000                      0x08007558   Data           6  shell.o(.constdata)
    shellCmdhelp                             0x0800755e   Data           5  shell.o(.constdata)
    shellDeschelp                            0x08007563   Data          30  shell.o(.constdata)
    shellCmdusers                            0x08007581   Data           6  shell.o(.constdata)
    shellDescusers                           0x08007587   Data          14  shell.o(.constdata)
    shellCmdcmds                             0x08007595   Data           5  shell.o(.constdata)
    shellDesccmds                            0x0800759a   Data          13  shell.o(.constdata)
    shellCmdvars                             0x080075a7   Data           5  shell.o(.constdata)
    shellDescvars                            0x080075ac   Data          13  shell.o(.constdata)
    shellCmdkeys                             0x080075b9   Data           5  shell.o(.constdata)
    shellDesckeys                            0x080075be   Data          13  shell.o(.constdata)
    shellCmdclear                            0x080075cb   Data           6  shell.o(.constdata)
    shellDescclear                           0x080075d1   Data          14  shell.o(.constdata)
    shellCmdfunc                             0x080075df   Data           5  shell_port.o(.constdata)
    shellDescfunc                            0x080075e4   Data           5  shell_port.o(.constdata)
    Region$$Table$$Base                      0x08007890   Number         0  anon$$obj.o(Region$$Table)
    Region$$Table$$Limit                     0x080078b0   Number         0  anon$$obj.o(Region$$Table)
    shellCommand$$Base                       0x080078b0   Number         0  shell.o(shellCommand)
    shellUserDefault                         0x080078b0   Data          16  shell.o(shellCommand)
    shellCommandsetVar                       0x080078c0   Data          16  shell.o(shellCommand)
    shellKey0x1B5B4100                       0x080078d0   Data          16  shell.o(shellCommand)
    shellKey0x1B5B4200                       0x080078e0   Data          16  shell.o(shellCommand)
    shellKey0x1B5B4300                       0x080078f0   Data          16  shell.o(shellCommand)
    shellKey0x1B5B4400                       0x08007900   Data          16  shell.o(shellCommand)
    shellKey0x09000000                       0x08007910   Data          16  shell.o(shellCommand)
    shellKey0x08000000                       0x08007920   Data          16  shell.o(shellCommand)
    shellKey0x7F000000                       0x08007930   Data          16  shell.o(shellCommand)
    shellKey0x1B5B337E                       0x08007940   Data          16  shell.o(shellCommand)
    shellKey0x0A000000                       0x08007950   Data          16  shell.o(shellCommand)
    shellKey0x0D000000                       0x08007960   Data          16  shell.o(shellCommand)
    shellCommandhelp                         0x08007970   Data          16  shell.o(shellCommand)
    shellCommandusers                        0x08007980   Data          16  shell.o(shellCommand)
    shellCommandcmds                         0x08007990   Data          16  shell.o(shellCommand)
    shellCommandvars                         0x080079a0   Data          16  shell.o(shellCommand)
    shellCommandkeys                         0x080079b0   Data          16  shell.o(shellCommand)
    shellCommandclear                        0x080079c0   Data          16  shell.o(shellCommand)
    shellCommandfunc                         0x080079d0   Data          16  shell_port.o(shellCommand)
    SHT$$INIT_ARRAY$$Base                    0x080079e0   Number         0  perf_counter.o(.init_array)
    shellCommand$$Limit                      0x080079e0   Number         0  shell_port.o(shellCommand)
    SHT$$INIT_ARRAY$$Limit                   0x080079e4   Number         0  cpp_init.o(.init_array)
    uwTick                                   0x20000008   Data           4  stm32f4xx_hal.o(.data)
    uwTickPrio                               0x2000000c   Data           4  stm32f4xx_hal.o(.data)
    uwTickFreq                               0x20000010   Data           1  stm32f4xx_hal.o(.data)
    SystemCoreClock                          0x20000014   Data           4  system_stm32f4xx.o(.data)
    pxCurrentTCB                             0x20000018   Data           4  tasks.o(.data)
    pairedChars                              0x200000e0   Data           2  shell.o(.data)
    g_lLastTimeStamp                         0x200000e8   Data           8  perf_counter.o(.data)
    g_nOffset                                0x200000f8   Data           4  perf_counter.o(.data)
    __stdout                                 0x20000128   Data           4  stdout.o(.data)
    huart1                                   0x2000012c   Data          72  usart.o(.bss)
    hdma_usart1_rx                           0x20000174   Data          96  usart.o(.bss)
    hdma_usart1_tx                           0x200001d4   Data          96  usart.o(.bss)
    htim1                                    0x20000234   Data          72  stm32f4xx_hal_timebase_tim.o(.bss)
    xQueueRegistry                           0x2000027c   Data          80  queue.o(.bss)
    LetterShell                              0x200095f8   Data         108  shell_port.o(.bss)
    LetterShell_Buffer                       0x20009664   Data         256  shell_port.o(.bss)
    Uartx_DMA_RxBuffer                       0x20009764   Data         256  uart_api.o(.bss)
    Uartx_RxBuffer                           0x20009864   Data         512  uart_api.o(.bss)
    Uartx_TxBuffer                           0x20009a64   Data         512  uart_api.o(.bss)
    Uartx_RxCircularQueue                    0x20009c64   Data          32  uart_api.o(.bss)
    __initial_sp                             0x2000a088   Data           0  startup_stm32f407xx.o(STACK)



==============================================================================

Memory Map of the image

  Image Entry point : 0x08000189

  Load Region LR_IROM1 (Base: 0x08000000, Size: 0x00007b10, Max: 0x00100000, ABSOLUTE, COMPRESSED[0x00007a40])

    Execution Region ER_IROM1 (Exec base: 0x08000000, Load base: 0x08000000, Size: 0x000079e4, Max: 0x00100000, ABSOLUTE)

    Exec Addr    Load Addr    Size         Type   Attr      Idx    E Section Name        Object

    0x08000000   0x08000000   0x00000188   Data   RO            3    RESET               startup_stm32f407xx.o
    0x08000188   0x08000188   0x00000000   Code   RO         5193  * .ARM.Collect$$$$00000000  mc_w.l(entry.o)
    0x08000188   0x08000188   0x00000004   Code   RO         5478    .ARM.Collect$$$$00000001  mc_w.l(entry2.o)
    0x0800018c   0x0800018c   0x00000004   Code   RO         5481    .ARM.Collect$$$$00000004  mc_w.l(entry5.o)
    0x08000190   0x08000190   0x00000000   Code   RO         5483    .ARM.Collect$$$$00000008  mc_w.l(entry7b.o)
    0x08000190   0x08000190   0x00000004   Code   RO         5484    .ARM.Collect$$$$00000009  mc_w.l(entry8a.o)
    0x08000194   0x08000194   0x00000000   Code   RO         5485    .ARM.Collect$$$$0000000A  mc_w.l(entry8b.o)
    0x08000194   0x08000194   0x00000008   Code   RO         5486    .ARM.Collect$$$$0000000B  mc_w.l(entry9a.o)
    0x0800019c   0x0800019c   0x00000004   Code   RO         5493    .ARM.Collect$$$$0000000E  mc_w.l(entry12b.o)
    0x080001a0   0x080001a0   0x00000000   Code   RO         5488    .ARM.Collect$$$$0000000F  mc_w.l(entry10a.o)
    0x080001a0   0x080001a0   0x00000000   Code   RO         5490    .ARM.Collect$$$$00000011  mc_w.l(entry11a.o)
    0x080001a0   0x080001a0   0x00000004   Code   RO         5479    .ARM.Collect$$$$00002712  mc_w.l(entry2.o)
    0x080001a4   0x080001a4   0x000000b6   Code   RO         4064    .emb_text           port.o
    0x0800025a   0x0800025a   0x00000002   PAD
    0x0800025c   0x0800025c   0x00000024   Code   RO            4    .text               startup_stm32f407xx.o
    0x08000280   0x08000280   0x00000062   Code   RO         5196    .text               mc_w.l(uldiv.o)
    0x080002e2   0x080002e2   0x00000062   Code   RO         5198    .text               mc_w.l(ldiv.o)
    0x08000344   0x08000344   0x00000024   Code   RO         5200    .text               mc_w.l(memcpya.o)
    0x08000368   0x08000368   0x00000024   Code   RO         5202    .text               mc_w.l(memseta.o)
    0x0800038c   0x0800038c   0x0000000e   Code   RO         5204    .text               mc_w.l(strlen.o)
    0x0800039a   0x0800039a   0x0000001c   Code   RO         5206    .text               mc_w.l(strcmp.o)
    0x080003b6   0x080003b6   0x0000001e   Code   RO         5208    .text               mc_w.l(strncmp.o)
    0x080003d4   0x080003d4   0x00000020   Code   RO         5476    .text               mc_w.l(cpp_init.o)
    0x080003f4   0x080003f4   0x0000002c   Code   RO         5495    .text               mc_w.l(uidiv.o)
    0x08000420   0x08000420   0x0000001e   Code   RO         5497    .text               mc_w.l(llshl.o)
    0x0800043e   0x0800043e   0x00000020   Code   RO         5499    .text               mc_w.l(llushr.o)
    0x0800045e   0x0800045e   0x00000000   Code   RO         5501    .text               mc_w.l(iusefp.o)
    0x0800045e   0x0800045e   0x0000014e   Code   RO         5502    .text               mf_w.l(dadd.o)
    0x080005ac   0x080005ac   0x000000e4   Code   RO         5504    .text               mf_w.l(dmul.o)
    0x08000690   0x08000690   0x000000de   Code   RO         5506    .text               mf_w.l(ddiv.o)
    0x0800076e   0x0800076e   0x00000030   Code   RO         5508    .text               mf_w.l(dfixul.o)
    0x0800079e   0x0800079e   0x00000002   PAD
    0x080007a0   0x080007a0   0x00000030   Code   RO         5510    .text               mf_w.l(cdrcmple.o)
    0x080007d0   0x080007d0   0x00000024   Code   RO         5512    .text               mc_w.l(init.o)
    0x080007f4   0x080007f4   0x00000024   Code   RO         5514    .text               mc_w.l(llsshr.o)
    0x08000818   0x08000818   0x000000ba   Code   RO         5516    .text               mf_w.l(depilogue.o)
    0x080008d2   0x080008d2   0x00000056   Code   RO         5526    .text               mc_w.l(__dczerorl2.o)
    0x08000928   0x08000928   0x00000004   Code   RO          361    i.BusFault_Handler  stm32f4xx_it.o
    0x0800092c   0x0800092c   0x00000006   Code   RO         4800    i.CircularQueue_GetLength  circular_queue.o
    0x08000932   0x08000932   0x00000034   Code   RO         4802    i.CircularQueue_GiveByte  circular_queue.o
    0x08000966   0x08000966   0x00000018   Code   RO         4803    i.CircularQueue_Init  circular_queue.o
    0x0800097e   0x0800097e   0x0000000e   Code   RO         4804    i.CircularQueue_IsEmpty  circular_queue.o
    0x0800098c   0x0800098c   0x00000012   Code   RO         4805    i.CircularQueue_IsFull  circular_queue.o
    0x0800099e   0x0800099e   0x00000038   Code   RO         4806    i.CircularQueue_SendBuffer  circular_queue.o
    0x080009d6   0x080009d6   0x00000032   Code   RO         4807    i.CircularQueue_SendByte  circular_queue.o
    0x08000a08   0x08000a08   0x00000010   Code   RO          362    i.DMA2_Stream2_IRQHandler  stm32f4xx_it.o
    0x08000a18   0x08000a18   0x00000010   Code   RO          363    i.DMA2_Stream7_IRQHandler  stm32f4xx_it.o
    0x08000a28   0x08000a28   0x00000034   Code   RO         2381    i.DMA_CalcBaseAndBitshift  stm32f4xx_hal_dma.o
    0x08000a5c   0x08000a5c   0x000000aa   Code   RO         2382    i.DMA_CheckFifoParam  stm32f4xx_hal_dma.o
    0x08000b06   0x08000b06   0x0000002c   Code   RO         2383    i.DMA_SetConfig     stm32f4xx_hal_dma.o
    0x08000b32   0x08000b32   0x00000002   Code   RO          364    i.DebugMon_Handler  stm32f4xx_it.o
    0x08000b34   0x08000b34   0x00000006   Code   RO           13    i.Error_Handler     main.o
    0x08000b3a   0x08000b3a   0x000000ac   Code   RO         2384    i.HAL_DMA_Abort     stm32f4xx_hal_dma.o
    0x08000be6   0x08000be6   0x00000028   Code   RO         2385    i.HAL_DMA_Abort_IT  stm32f4xx_hal_dma.o
    0x08000c0e   0x08000c0e   0x00000002   PAD
    0x08000c10   0x08000c10   0x00000240   Code   RO         2389    i.HAL_DMA_IRQHandler  stm32f4xx_hal_dma.o
    0x08000e50   0x08000e50   0x000000ec   Code   RO         2390    i.HAL_DMA_Init      stm32f4xx_hal_dma.o
    0x08000f3c   0x08000f3c   0x00000066   Code   RO         2393    i.HAL_DMA_Start     stm32f4xx_hal_dma.o
    0x08000fa2   0x08000fa2   0x00000092   Code   RO         2394    i.HAL_DMA_Start_IT  stm32f4xx_hal_dma.o
    0x08001034   0x08001034   0x000001f4   Code   RO         2277    i.HAL_GPIO_Init     stm32f4xx_hal_gpio.o
    0x08001228   0x08001228   0x00000014   Code   RO         2280    i.HAL_GPIO_TogglePin  stm32f4xx_hal_gpio.o
    0x0800123c   0x0800123c   0x0000000c   Code   RO         2281    i.HAL_GPIO_WritePin  stm32f4xx_hal_gpio.o
    0x08001248   0x08001248   0x0000000c   Code   RO         2820    i.HAL_GetTick       stm32f4xx_hal.o
    0x08001254   0x08001254   0x00000018   Code   RO         2826    i.HAL_IncTick       stm32f4xx_hal.o
    0x0800126c   0x0800126c   0x0000003c   Code   RO         2827    i.HAL_Init          stm32f4xx_hal.o
    0x080012a8   0x080012a8   0x000000a0   Code   RO          481    i.HAL_InitTick      stm32f4xx_hal_timebase_tim.o
    0x08001348   0x08001348   0x00000048   Code   RO          453    i.HAL_MspInit       stm32f4xx_hal_msp.o
    0x08001390   0x08001390   0x00000028   Code   RO         2667    i.HAL_NVIC_EnableIRQ  stm32f4xx_hal_cortex.o
    0x080013b8   0x080013b8   0x0000007c   Code   RO         2673    i.HAL_NVIC_SetPriority  stm32f4xx_hal_cortex.o
    0x08001434   0x08001434   0x00000028   Code   RO         2674    i.HAL_NVIC_SetPriorityGrouping  stm32f4xx_hal_cortex.o
    0x0800145c   0x0800145c   0x00000184   Code   RO         1878    i.HAL_RCC_ClockConfig  stm32f4xx_hal_rcc.o
    0x080015e0   0x080015e0   0x00000044   Code   RO         1882    i.HAL_RCC_GetClockConfig  stm32f4xx_hal_rcc.o
    0x08001624   0x08001624   0x0000000c   Code   RO         1883    i.HAL_RCC_GetHCLKFreq  stm32f4xx_hal_rcc.o
    0x08001630   0x08001630   0x00000020   Code   RO         1885    i.HAL_RCC_GetPCLK1Freq  stm32f4xx_hal_rcc.o
    0x08001650   0x08001650   0x00000020   Code   RO         1886    i.HAL_RCC_GetPCLK2Freq  stm32f4xx_hal_rcc.o
    0x08001670   0x08001670   0x000000b0   Code   RO         1887    i.HAL_RCC_GetSysClockFreq  stm32f4xx_hal_rcc.o
    0x08001720   0x08001720   0x0000049c   Code   RO         1890    i.HAL_RCC_OscConfig  stm32f4xx_hal_rcc.o
    0x08001bbc   0x08001bbc   0x00000002   Code   RO         1237    i.HAL_TIMEx_BreakCallback  stm32f4xx_hal_tim_ex.o
    0x08001bbe   0x08001bbe   0x00000002   Code   RO         1238    i.HAL_TIMEx_CommutCallback  stm32f4xx_hal_tim_ex.o
    0x08001bc0   0x08001bc0   0x00000066   Code   RO          522    i.HAL_TIM_Base_Init  stm32f4xx_hal_tim.o
    0x08001c26   0x08001c26   0x00000002   Code   RO          524    i.HAL_TIM_Base_MspInit  stm32f4xx_hal_tim.o
    0x08001c28   0x08001c28   0x000000a8   Code   RO          527    i.HAL_TIM_Base_Start_IT  stm32f4xx_hal_tim.o
    0x08001cd0   0x08001cd0   0x00000002   Code   RO          556    i.HAL_TIM_IC_CaptureCallback  stm32f4xx_hal_tim.o
    0x08001cd2   0x08001cd2   0x0000016c   Code   RO          570    i.HAL_TIM_IRQHandler  stm32f4xx_hal_tim.o
    0x08001e3e   0x08001e3e   0x00000002   Code   RO          573    i.HAL_TIM_OC_DelayElapsedCallback  stm32f4xx_hal_tim.o
    0x08001e40   0x08001e40   0x00000002   Code   RO          600    i.HAL_TIM_PWM_PulseFinishedCallback  stm32f4xx_hal_tim.o
    0x08001e42   0x08001e42   0x00000002   PAD
    0x08001e44   0x08001e44   0x00000018   Code   RO           14    i.HAL_TIM_PeriodElapsedCallback  main.o
    0x08001e5c   0x08001e5c   0x00000002   Code   RO          613    i.HAL_TIM_TriggerCallback  stm32f4xx_hal_tim.o
    0x08001e5e   0x08001e5e   0x00000002   Code   RO         1516    i.HAL_UARTEx_RxEventCallback  stm32f4xx_hal_uart.o
    0x08001e60   0x08001e60   0x00000002   Code   RO         1530    i.HAL_UART_ErrorCallback  stm32f4xx_hal_uart.o
    0x08001e62   0x08001e62   0x00000002   PAD
    0x08001e64   0x08001e64   0x000002e8   Code   RO         1533    i.HAL_UART_IRQHandler  stm32f4xx_hal_uart.o
    0x0800214c   0x0800214c   0x00000076   Code   RO         1534    i.HAL_UART_Init     stm32f4xx_hal_uart.o
    0x080021c2   0x080021c2   0x00000002   PAD
    0x080021c4   0x080021c4   0x00000148   Code   RO          307    i.HAL_UART_MspInit  usart.o
    0x0800230c   0x0800230c   0x0000002c   Code   RO         1538    i.HAL_UART_Receive_DMA  stm32f4xx_hal_uart.o
    0x08002338   0x08002338   0x00000002   Code   RO         1540    i.HAL_UART_RxCpltCallback  stm32f4xx_hal_uart.o
    0x0800233a   0x0800233a   0x00000002   Code   RO         1541    i.HAL_UART_RxHalfCpltCallback  stm32f4xx_hal_uart.o
    0x0800233c   0x0800233c   0x0000008c   Code   RO         1543    i.HAL_UART_Transmit_DMA  stm32f4xx_hal_uart.o
    0x080023c8   0x080023c8   0x00000002   Code   RO         1545    i.HAL_UART_TxCpltCallback  stm32f4xx_hal_uart.o
    0x080023ca   0x080023ca   0x00000002   Code   RO         1546    i.HAL_UART_TxHalfCpltCallback  stm32f4xx_hal_uart.o
    0x080023cc   0x080023cc   0x00000004   Code   RO          365    i.HardFault_Handler  stm32f4xx_it.o
    0x080023d0   0x080023d0   0x00000008   Code   RO           15    i.HardWare_Init     main.o
    0x080023d8   0x080023d8   0x0000001c   Code   RO           16    i.LED_Task          main.o
    0x080023f4   0x080023f4   0x00000038   Code   RO         4606    i.LetterShell_Init  shell_port.o
    0x0800242c   0x0800242c   0x0000003c   Code   RO         4607    i.LetterShell_Manage  shell_port.o
    0x08002468   0x08002468   0x00000006   Code   RO         4608    i.LetterShell_Read  shell_port.o
    0x0800246e   0x0800246e   0x00000002   PAD
    0x08002470   0x08002470   0x00000028   Code   RO         4609    i.LetterShell_Write  shell_port.o
    0x08002498   0x08002498   0x00000048   Code   RO          278    i.MX_DMA_Init       dma.o
    0x080024e0   0x080024e0   0x00000098   Code   RO          250    i.MX_GPIO_Init      gpio.o
    0x08002578   0x08002578   0x00000054   Code   RO          308    i.MX_USART1_UART_Init  usart.o
    0x080025cc   0x080025cc   0x00000004   Code   RO          366    i.MemManage_Handler  stm32f4xx_it.o
    0x080025d0   0x080025d0   0x00000004   Code   RO          367    i.NMI_Handler       stm32f4xx_it.o
    0x080025d4   0x080025d4   0x0000000e   Code   RO           17    i.Shell_Task        main.o
    0x080025e2   0x080025e2   0x00000014   Code   RO          368    i.SysTick_Handler   stm32f4xx_it.o
    0x080025f6   0x080025f6   0x00000002   PAD
    0x080025f8   0x080025f8   0x000000b4   Code   RO           18    i.SystemClock_Config  main.o
    0x080026ac   0x080026ac   0x00000014   Code   RO         3066    i.SystemInit        system_stm32f4xx.o
    0x080026c0   0x080026c0   0x00000010   Code   RO          369    i.TIM1_UP_TIM10_IRQHandler  stm32f4xx_it.o
    0x080026d0   0x080026d0   0x000000e8   Code   RO          615    i.TIM_Base_SetConfig  stm32f4xx_hal_tim.o
    0x080027b8   0x080027b8   0x00000014   Code   RO         1547    i.UART_DMAAbortOnError  stm32f4xx_hal_uart.o
    0x080027cc   0x080027cc   0x00000050   Code   RO         1548    i.UART_DMAError     stm32f4xx_hal_uart.o
    0x0800281c   0x0800281c   0x000000b4   Code   RO         1549    i.UART_DMAReceiveCplt  stm32f4xx_hal_uart.o
    0x080028d0   0x080028d0   0x00000024   Code   RO         1551    i.UART_DMARxHalfCplt  stm32f4xx_hal_uart.o
    0x080028f4   0x080028f4   0x00000058   Code   RO         1553    i.UART_DMATransmitCplt  stm32f4xx_hal_uart.o
    0x0800294c   0x0800294c   0x0000000e   Code   RO         1555    i.UART_DMATxHalfCplt  stm32f4xx_hal_uart.o
    0x0800295a   0x0800295a   0x0000006c   Code   RO         1557    i.UART_EndRxTransfer  stm32f4xx_hal_uart.o
    0x080029c6   0x080029c6   0x00000020   Code   RO         1558    i.UART_EndTransmit_IT  stm32f4xx_hal_uart.o
    0x080029e6   0x080029e6   0x00000026   Code   RO         1559    i.UART_EndTxTransfer  stm32f4xx_hal_uart.o
    0x08002a0c   0x08002a0c   0x000000fc   Code   RO         1560    i.UART_Receive_IT   stm32f4xx_hal_uart.o
    0x08002b08   0x08002b08   0x0000022c   Code   RO         1561    i.UART_SetConfig    stm32f4xx_hal_uart.o
    0x08002d34   0x08002d34   0x000000c8   Code   RO         1562    i.UART_Start_Receive_DMA  stm32f4xx_hal_uart.o
    0x08002dfc   0x08002dfc   0x00000060   Code   RO         1564    i.UART_Transmit_IT  stm32f4xx_hal_uart.o
    0x08002e5c   0x08002e5c   0x0000003c   Code   RO          370    i.USART1_IRQHandler  stm32f4xx_it.o
    0x08002e98   0x08002e98   0x00000044   Code   RO         4763    i.Uart_Dev_Init     uart_api.o
    0x08002edc   0x08002edc   0x00000058   Code   RO         4764    i.Uart_RxIdleCpltCallBack  uart_api.o
    0x08002f34   0x08002f34   0x00000004   Code   RO          371    i.UsageFault_Handler  stm32f4xx_it.o
    0x08002f38   0x08002f38   0x00000020   Code   RO         5445    i.__0printf         mc_w.l(printfa.o)
    0x08002f58   0x08002f58   0x00000010   Code   RO         2680    i.__NVIC_GetPriorityGrouping  stm32f4xx_hal_cortex.o
    0x08002f68   0x08002f68   0x00000028   Code   RO         2681    i.__NVIC_SetPriority  stm32f4xx_hal_cortex.o
    0x08002f90   0x08002f90   0x0000000a   Code   RO         4874    i.__perf_counter_init  perf_counter.o
    0x08002f9a   0x08002f9a   0x00000002   Code   RO         4875    i.__perf_os_patch_init  perf_counter.o
    0x08002f9c   0x08002f9c   0x0000000e   Code   RO         5520    i.__scatterload_copy  mc_w.l(handlers.o)
    0x08002faa   0x08002faa   0x00000002   Code   RO         5521    i.__scatterload_null  mc_w.l(handlers.o)
    0x08002fac   0x08002fac   0x0000000e   Code   RO         5522    i.__scatterload_zeroinit  mc_w.l(handlers.o)
    0x08002fba   0x08002fba   0x00000002   PAD
    0x08002fbc   0x08002fbc   0x00000184   Code   RO         5452    i._fp_digits        mc_w.l(printfa.o)
    0x08003140   0x08003140   0x000006b4   Code   RO         5453    i._printf_core      mc_w.l(printfa.o)
    0x080037f4   0x080037f4   0x00000024   Code   RO         5454    i._printf_post_padding  mc_w.l(printfa.o)
    0x08003818   0x08003818   0x0000002e   Code   RO         5455    i._printf_pre_padding  mc_w.l(printfa.o)
    0x08003846   0x08003846   0x00000036   Code   RO         4880    i.check_systick     perf_counter.o
    0x0800387c   0x0800387c   0x00000018   Code   RO          309    i.fputc             usart.o
    0x08003894   0x08003894   0x00000044   Code   RO         4610    i.func              shell_port.o
    0x080038d8   0x080038d8   0x00000060   Code   RO         4888    i.get_system_ticks  perf_counter.o
    0x08003938   0x08003938   0x00000068   Code   RO         4890    i.init_cycle_counter  perf_counter.o
    0x080039a0   0x080039a0   0x00000080   Code   RO           19    i.main              main.o
    0x08003a20   0x08003a20   0x00000034   Code   RO         4675    i.my_delay_ms       timestamp.o
    0x08003a54   0x08003a54   0x00000002   Code   RO         4677    i.my_delay_us       timestamp.o
    0x08003a56   0x08003a56   0x00000002   PAD
    0x08003a58   0x08003a58   0x00000010   Code   RO         5126    i.perfc_port_clear_system_timer_ovf_pending  perfc_port_default.o
    0x08003a68   0x08003a68   0x0000000c   Code   RO         4899    i.perfc_port_disable_global_interrupt  perf_counter.o
    0x08003a74   0x08003a74   0x00000012   Code   RO         5127    i.perfc_port_get_system_timer_elapsed  perfc_port_default.o
    0x08003a86   0x08003a86   0x00000002   PAD
    0x08003a88   0x08003a88   0x0000000c   Code   RO         5128    i.perfc_port_get_system_timer_freq  perfc_port_default.o
    0x08003a94   0x08003a94   0x0000000a   Code   RO         5129    i.perfc_port_get_system_timer_top  perfc_port_default.o
    0x08003a9e   0x08003a9e   0x00000052   Code   RO         5130    i.perfc_port_init_system_timer  perfc_port_default.o
    0x08003af0   0x08003af0   0x000000c4   Code   RO         4900    i.perfc_port_insert_to_system_timer_insert_ovf_handler  perf_counter.o
    0x08003bb4   0x08003bb4   0x00000010   Code   RO         5131    i.perfc_port_is_system_timer_ovf_pending  perfc_port_default.o
    0x08003bc4   0x08003bc4   0x0000000a   Code   RO         4901    i.perfc_port_resume_global_interrupt  perf_counter.o
    0x08003bce   0x08003bce   0x00000002   PAD
    0x08003bd0   0x08003bd0   0x00000098   Code   RO         3522    i.prvAddCurrentTaskToDelayedList  tasks.o
    0x08003c68   0x08003c68   0x000000b4   Code   RO         3523    i.prvAddNewTaskToReadyList  tasks.o
    0x08003d1c   0x08003d1c   0x00000064   Code   RO         3853    i.prvCheckForValidListAndQueue  timers.o
    0x08003d80   0x08003d80   0x00000064   Code   RO         3524    i.prvCheckTasksWaitingTermination  tasks.o
    0x08003de4   0x08003de4   0x0000002a   Code   RO         3288    i.prvCopyDataFromQueue  queue.o
    0x08003e0e   0x08003e0e   0x0000007c   Code   RO         3289    i.prvCopyDataToQueue  queue.o
    0x08003e8a   0x08003e8a   0x00000012   Code   RO         3525    i.prvDeleteTCB      tasks.o
    0x08003e9c   0x08003e9c   0x00000028   Code   RO         3854    i.prvGetNextExpireTime  timers.o
    0x08003ec4   0x08003ec4   0x0000007c   Code   RO         3999    i.prvHeapInit       heap_4.o
    0x08003f40   0x08003f40   0x00000028   Code   RO         3526    i.prvIdleTask       tasks.o
    0x08003f68   0x08003f68   0x0000002a   Code   RO         3291    i.prvInitialiseNewQueue  queue.o
    0x08003f92   0x08003f92   0x00000002   PAD
    0x08003f94   0x08003f94   0x000000c8   Code   RO         3527    i.prvInitialiseNewTask  tasks.o
    0x0800405c   0x0800405c   0x00000068   Code   RO         3528    i.prvInitialiseTaskLists  tasks.o
    0x080040c4   0x080040c4   0x00000068   Code   RO         4000    i.prvInsertBlockIntoFreeList  heap_4.o
    0x0800412c   0x0800412c   0x00000058   Code   RO         3856    i.prvInsertTimerInActiveList  timers.o
    0x08004184   0x08004184   0x0000001a   Code   RO         3292    i.prvIsQueueEmpty   queue.o
    0x0800419e   0x0800419e   0x0000001e   Code   RO         3293    i.prvIsQueueFull    queue.o
    0x080041bc   0x080041bc   0x000000a4   Code   RO         3294    i.prvNotifyQueueSetContainer  queue.o
    0x08004260   0x08004260   0x00000084   Code   RO         3857    i.prvProcessExpiredTimer  timers.o
    0x080042e4   0x080042e4   0x00000130   Code   RO         3858    i.prvProcessReceivedCommands  timers.o
    0x08004414   0x08004414   0x00000074   Code   RO         3859    i.prvProcessTimerOrBlockTask  timers.o
    0x08004488   0x08004488   0x00000034   Code   RO         3529    i.prvResetNextTaskUnblockTime  tasks.o
    0x080044bc   0x080044bc   0x0000002c   Code   RO         3860    i.prvSampleTimeNow  timers.o
    0x080044e8   0x080044e8   0x000000c0   Code   RO         3861    i.prvSwitchTimerLists  timers.o
    0x080045a8   0x080045a8   0x00000070   Code   RO         4065    i.prvTaskExitError  port.o
    0x08004618   0x08004618   0x0000001a   Code   RO         3862    i.prvTimerTask      timers.o
    0x08004632   0x08004632   0x00000092   Code   RO         3295    i.prvUnlockQueue    queue.o
    0x080046c4   0x080046c4   0x00000150   Code   RO         4001    i.pvPortMalloc      heap_4.o
    0x08004814   0x08004814   0x00000020   Code   RO         3531    i.pvTaskIncrementMutexHeldCount  tasks.o
    0x08004834   0x08004834   0x0000002c   Code   RO         4066    i.pxPortInitialiseStack  port.o
    0x08004860   0x08004860   0x00000028   Code   RO         4154    i.shellAdd          shell.o
    0x08004888   0x08004888   0x0000000e   Code   RO         4155    i.shellBackspace    shell.o
    0x08004896   0x08004896   0x00000002   PAD
    0x08004898   0x08004898   0x00000044   Code   RO         4156    i.shellCheckPassword  shell.o
    0x080048dc   0x080048dc   0x0000003a   Code   RO         4157    i.shellCheckPermission  shell.o
    0x08004916   0x08004916   0x00000002   PAD
    0x08004918   0x08004918   0x0000001c   Code   RO         4158    i.shellClear        shell.o
    0x08004934   0x08004934   0x00000028   Code   RO         4159    i.shellClearCommandLine  shell.o
    0x0800495c   0x0800495c   0x00000012   Code   RO         4160    i.shellCmds         shell.o
    0x0800496e   0x0800496e   0x00000010   Code   RO         4161    i.shellDelete       shell.o
    0x0800497e   0x0800497e   0x000000da   Code   RO         4162    i.shellDeleteByte   shell.o
    0x08004a58   0x08004a58   0x00000020   Code   RO         4163    i.shellDeleteCommandLine  shell.o
    0x08004a78   0x08004a78   0x00000010   Code   RO         4164    i.shellDown         shell.o
    0x08004a88   0x08004a88   0x00000014   Code   RO         4165    i.shellEnter        shell.o
    0x08004a9c   0x08004a9c   0x00000074   Code   RO         4166    i.shellExec         shell.o
    0x08004b10   0x08004b10   0x00000058   Code   RO         4551    i.shellExtNumType   shell_ext.o
    0x08004b68   0x08004b68   0x00000052   Code   RO         4552    i.shellExtParseChar  shell_ext.o
    0x08004bba   0x08004bba   0x00000002   PAD
    0x08004bbc   0x08004bbc   0x000000ec   Code   RO         4553    i.shellExtParseNumber  shell_ext.o
    0x08004ca8   0x08004ca8   0x0000007a   Code   RO         4554    i.shellExtParsePara  shell_ext.o
    0x08004d22   0x08004d22   0x0000004a   Code   RO         4555    i.shellExtParseString  shell_ext.o
    0x08004d6c   0x08004d6c   0x00000030   Code   RO         4556    i.shellExtParseVar  shell_ext.o
    0x08004d9c   0x08004d9c   0x00000100   Code   RO         4557    i.shellExtRun       shell_ext.o
    0x08004e9c   0x08004e9c   0x00000036   Code   RO         4558    i.shellExtToNum     shell_ext.o
    0x08004ed2   0x08004ed2   0x00000030   Code   RO         4167    i.shellGetCommandDesc  shell.o
    0x08004f02   0x08004f02   0x00000002   PAD
    0x08004f04   0x08004f04   0x00000050   Code   RO         4168    i.shellGetCommandName  shell.o
    0x08004f54   0x08004f54   0x00000034   Code   RO         4169    i.shellGetCurrent   shell.o
    0x08004f88   0x08004f88   0x00000058   Code   RO         4170    i.shellGetVarValue  shell.o
    0x08004fe0   0x08004fe0   0x000000ec   Code   RO         4171    i.shellHandler      shell.o
    0x080050cc   0x080050cc   0x0000002c   Code   RO         4172    i.shellHelp         shell.o
    0x080050f8   0x080050f8   0x000000c2   Code   RO         4173    i.shellHistory      shell.o
    0x080051ba   0x080051ba   0x0000007a   Code   RO         4174    i.shellHistoryAdd   shell.o
    0x08005234   0x08005234   0x000000a0   Code   RO         4175    i.shellInit         shell.o
    0x080052d4   0x080052d4   0x000000f8   Code   RO         4176    i.shellInsertByte   shell.o
    0x080053cc   0x080053cc   0x00000012   Code   RO         4177    i.shellKeys         shell.o
    0x080053de   0x080053de   0x0000001a   Code   RO         4178    i.shellLeft         shell.o
    0x080053f8   0x080053f8   0x0000000c   Code   RO         4179    i.shellListAll      shell.o
    0x08005404   0x08005404   0x0000004c   Code   RO         4180    i.shellListCommand  shell.o
    0x08005450   0x08005450   0x000000fc   Code   RO         4181    i.shellListItem     shell.o
    0x0800554c   0x0800554c   0x00000058   Code   RO         4182    i.shellListKey      shell.o
    0x080055a4   0x080055a4   0x00000058   Code   RO         4183    i.shellListUser     shell.o
    0x080055fc   0x080055fc   0x00000058   Code   RO         4184    i.shellListVar      shell.o
    0x08005654   0x08005654   0x0000001c   Code   RO         4185    i.shellNormalInput  shell.o
    0x08005670   0x08005670   0x0000001a   Code   RO         4186    i.shellParserParam  shell.o
    0x0800568a   0x0800568a   0x00000068   Code   RO         4189    i.shellRemoveParamQuotes  shell.o
    0x080056f2   0x080056f2   0x0000001e   Code   RO         4190    i.shellRight        shell.o
    0x08005710   0x08005710   0x000000b2   Code   RO         4192    i.shellRunCommand   shell.o
    0x080057c2   0x080057c2   0x0000007a   Code   RO         4193    i.shellSeekCommand  shell.o
    0x0800583c   0x0800583c   0x0000005c   Code   RO         4194    i.shellSetUser      shell.o
    0x08005898   0x08005898   0x00000070   Code   RO         4195    i.shellSetVar       shell.o
    0x08005908   0x08005908   0x00000098   Code   RO         4196    i.shellSetVarValue  shell.o
    0x080059a0   0x080059a0   0x000000c0   Code   RO         4197    i.shellShowVar      shell.o
    0x08005a60   0x08005a60   0x00000118   Code   RO         4198    i.shellSplit        shell.o
    0x08005b78   0x08005b78   0x0000002c   Code   RO         4199    i.shellStringCompare  shell.o
    0x08005ba4   0x08005ba4   0x00000018   Code   RO         4200    i.shellStringCopy   shell.o
    0x08005bbc   0x08005bbc   0x00000110   Code   RO         4201    i.shellTab          shell.o
    0x08005ccc   0x08005ccc   0x00000056   Code   RO         4203    i.shellToDec        shell.o
    0x08005d22   0x08005d22   0x00000038   Code   RO         4204    i.shellToHex        shell.o
    0x08005d5a   0x08005d5a   0x0000000e   Code   RO         4205    i.shellUp           shell.o
    0x08005d68   0x08005d68   0x00000012   Code   RO         4206    i.shellUsers        shell.o
    0x08005d7a   0x08005d7a   0x00000012   Code   RO         4207    i.shellVars         shell.o
    0x08005d8c   0x08005d8c   0x0000000e   Code   RO         4208    i.shellWriteByte    shell.o
    0x08005d9a   0x08005d9a   0x00000002   PAD
    0x08005d9c   0x08005d9c   0x0000005c   Code   RO         4209    i.shellWriteCommandDesc  shell.o
    0x08005df8   0x08005df8   0x0000006c   Code   RO         4210    i.shellWriteCommandHelp  shell.o
    0x08005e64   0x08005e64   0x00000068   Code   RO         4211    i.shellWritePrompt  shell.o
    0x08005ecc   0x08005ecc   0x0000008c   Code   RO         4212    i.shellWriteReturnValue  shell.o
    0x08005f58   0x08005f58   0x00000030   Code   RO         4213    i.shellWriteString  shell.o
    0x08005f88   0x08005f88   0x00000074   Code   RO         4905    i.update_perf_counter  perf_counter.o
    0x08005ffc   0x08005ffc   0x00000028   Code   RO         3235    i.uxListRemove      list.o
    0x08006024   0x08006024   0x0000001a   Code   RO         3236    i.vListInitialise   list.o
    0x0800603e   0x0800603e   0x00000006   Code   RO         3237    i.vListInitialiseItem  list.o
    0x08006044   0x08006044   0x00000034   Code   RO         3238    i.vListInsert       list.o
    0x08006078   0x08006078   0x00000018   Code   RO         3239    i.vListInsertEnd    list.o
    0x08006090   0x08006090   0x00000084   Code   RO         4068    i.vPortEnterCritical  port.o
    0x08006114   0x08006114   0x0000006c   Code   RO         4069    i.vPortExitCritical  port.o
    0x08006180   0x08006180   0x000000b4   Code   RO         4002    i.vPortFree         heap_4.o
    0x08006234   0x08006234   0x00000020   Code   RO         4070    i.vPortSetupTimerInterrupt  port.o
    0x08006254   0x08006254   0x0000009c   Code   RO         4071    i.vPortValidateInterruptPriority  port.o
    0x080062f0   0x080062f0   0x0000002c   Code   RO         3299    i.vQueueAddToRegistry  queue.o
    0x0800631c   0x0800631c   0x0000004a   Code   RO         3302    i.vQueueWaitForMessageRestricted  queue.o
    0x08006366   0x08006366   0x00000002   PAD
    0x08006368   0x08006368   0x00000078   Code   RO         3537    i.vTaskDelay        tasks.o
    0x080063e0   0x080063e0   0x0000000c   Code   RO         3541    i.vTaskMissedYield  tasks.o
    0x080063ec   0x080063ec   0x00000058   Code   RO         3543    i.vTaskPlaceOnEventList  tasks.o
    0x08006444   0x08006444   0x00000060   Code   RO         3544    i.vTaskPlaceOnEventListRestricted  tasks.o
    0x080064a4   0x080064a4   0x000000b0   Code   RO         3546    i.vTaskPriorityInherit  tasks.o
    0x08006554   0x08006554   0x00000050   Code   RO         3549    i.vTaskSetTimeOutState  tasks.o
    0x080065a4   0x080065a4   0x000000b0   Code   RO         3550    i.vTaskStartScheduler  tasks.o
    0x08006654   0x08006654   0x00000010   Code   RO         3552    i.vTaskSuspendAll   tasks.o
    0x08006664   0x08006664   0x000000ac   Code   RO         3553    i.vTaskSwitchContext  tasks.o
    0x08006710   0x08006710   0x00000158   Code   RO         4072    i.xPortStartScheduler  port.o
    0x08006868   0x08006868   0x00000034   Code   RO         4073    i.xPortSysTickHandler  port.o
    0x0800689c   0x0800689c   0x00000078   Code   RO         3307    i.xQueueGenericCreate  queue.o
    0x08006914   0x08006914   0x000001cc   Code   RO         3308    i.xQueueGenericReceive  queue.o
    0x08006ae0   0x08006ae0   0x000000b4   Code   RO         3309    i.xQueueGenericReset  queue.o
    0x08006b94   0x08006b94   0x000001c8   Code   RO         3310    i.xQueueGenericSend  queue.o
    0x08006d5c   0x08006d5c   0x00000114   Code   RO         3311    i.xQueueGenericSendFromISR  queue.o
    0x08006e70   0x08006e70   0x000000a4   Code   RO         3554    i.xTaskCheckForTimeOut  tasks.o
    0x08006f14   0x08006f14   0x00000060   Code   RO         3555    i.xTaskCreate       tasks.o
    0x08006f74   0x08006f74   0x00000020   Code   RO         3559    i.xTaskGetSchedulerState  tasks.o
    0x08006f94   0x08006f94   0x0000000c   Code   RO         3560    i.xTaskGetTickCount  tasks.o
    0x08006fa0   0x08006fa0   0x00000164   Code   RO         3562    i.xTaskIncrementTick  tasks.o
    0x08007104   0x08007104   0x000000dc   Code   RO         3565    i.xTaskPriorityDisinherit  tasks.o
    0x080071e0   0x080071e0   0x000000b8   Code   RO         3566    i.xTaskRemoveFromEventList  tasks.o
    0x08007298   0x08007298   0x00000124   Code   RO         3568    i.xTaskResumeAll    tasks.o
    0x080073bc   0x080073bc   0x00000078   Code   RO         3866    i.xTimerCreateTimerTask  timers.o
    0x08007434   0x08007434   0x000000a8   Code   RO         3867    i.xTimerGenericCommand  timers.o
    0x080074dc   0x080074dc   0x00000008   Data   RO         2396    .constdata          stm32f4xx_hal_dma.o
    0x080074e4   0x080074e4   0x00000018   Data   RO         3067    .constdata          system_stm32f4xx.o
    0x080074fc   0x080074fc   0x000000e3   Data   RO         4215    .constdata          shell.o
    0x080075df   0x080075df   0x0000000a   Data   RO         4612    .constdata          shell_port.o
    0x080075e9   0x080075e9   0x00000003   PAD
    0x080075ec   0x080075ec   0x000002a1   Data   RO         4216    .conststring        shell.o
    0x0800788d   0x0800788d   0x00000003   PAD
    0x08007890   0x08007890   0x00000020   Data   RO         5518    Region$$Table       anon$$obj.o
    0x080078b0   0x080078b0   0x00000120   Data   RO         4218    shellCommand        shell.o
    0x080079d0   0x080079d0   0x00000010   Data   RO         4613    shellCommand        shell_port.o
    0x080079e0   0x080079e0   0x00000004   Data   RO         4907    .init_array         perf_counter.o
    0x080079e4   0x080079e0   0x00000000   Data   RO         5474    .init_array         mc_w.l(cpp_init.o)


    Execution Region RW_IRAM1 (Exec base: 0x20000000, Load base: 0x080079e4, Size: 0x0000a088, Max: 0x0001c000, ABSOLUTE, COMPRESSED[0x0000005c])

    Exec Addr    Load Addr    Size         Type   Attr      Idx    E Section Name        Object

    0x20000000   COMPRESSED   0x00000008   Data   RW           20    .data               main.o
    0x20000008   COMPRESSED   0x00000009   Data   RW         2834    .data               stm32f4xx_hal.o
    0x20000011   COMPRESSED   0x00000003   PAD
    0x20000014   COMPRESSED   0x00000004   Data   RW         3068    .data               system_stm32f4xx.o
    0x20000018   COMPRESSED   0x0000003c   Data   RW         3571    .data               tasks.o
    0x20000054   COMPRESSED   0x00000014   Data   RW         3875    .data               timers.o
    0x20000068   COMPRESSED   0x00000018   Data   RW         4007    .data               heap_4.o
    0x20000080   COMPRESSED   0x0000000c   Data   RW         4074    .data               port.o
    0x2000008c   COMPRESSED   0x00000056   Data   RW         4217    .data               shell.o
    0x200000e2   COMPRESSED   0x00000006   PAD
    0x200000e8   COMPRESSED   0x00000040   Data   RW         4906    .data               perf_counter.o
    0x20000128   COMPRESSED   0x00000004   Data   RW         5494    .data               mc_w.l(stdout.o)
    0x2000012c        -       0x00000108   Zero   RW          310    .bss                usart.o
    0x20000234        -       0x00000048   Zero   RW          484    .bss                stm32f4xx_hal_timebase_tim.o
    0x2000027c        -       0x00000050   Zero   RW         3322    .bss                queue.o
    0x200002cc        -       0x000002e4   Zero   RW         3570    .bss                tasks.o
    0x200005b0        -       0x00000028   Zero   RW         3874    .bss                timers.o
    0x200005d8        -       0x00009000   Zero   RW         4006    .bss                heap_4.o
    0x200095d8        -       0x0000001d   Zero   RW         4214    .bss                shell.o
    0x200095f5   COMPRESSED   0x00000003   PAD
    0x200095f8        -       0x0000016c   Zero   RW         4611    .bss                shell_port.o
    0x20009764        -       0x00000520   Zero   RW         4765    .bss                uart_api.o
    0x20009c84   COMPRESSED   0x00000004   PAD
    0x20009c88        -       0x00000400   Zero   RW            1    STACK               startup_stm32f407xx.o


    Execution Region RW_IRAM2 (Exec base: 0x2001c000, Load base: 0x08007a40, Size: 0x00000000, Max: 0x00004000, ABSOLUTE)

    **** No section assigned to this execution region ****


==============================================================================

Image component sizes


      Code (inc. data)   RO Data    RW Data    ZI Data      Debug   Object Name

       220          0          0          0          0       5167   circular_queue.o
        72          4          0          0          0        950   dma.o
         0          0          0          0          0      11816   event_groups.o
       152          8          0          0          0       1111   gpio.o
       744        168          0         24      36864       4163   heap_4.o
       148          0          0          0          0       3518   list.o
       388         64          0          8          0     710856   main.o
       600         80          4         64          0      22207   perf_counter.o
       154         18          0          0          0       6405   perfc_port_default.o
      1162        376          0         12          0      11249   port.o
      2184        262          0          0         80      16341   queue.o
      4958        240       1188         86         29      49129   shell.o
       960         12          0          0          0       7582   shell_ext.o
       230         62         26          0        364       4332   shell_port.o
        36          8        392          0       1024        864   startup_stm32f407xx.o
        96         20          0          9          0       8378   stm32f4xx_hal.o
       260         22          0          0          0      33734   stm32f4xx_hal_cortex.o
      1538         16          8          0          0       8326   stm32f4xx_hal_dma.o
       532         46          0          0          0       2993   stm32f4xx_hal_gpio.o
        72          4          0          0          0       1042   stm32f4xx_hal_msp.o
      1888         94          0          0          0       6625   stm32f4xx_hal_rcc.o
       876         76          0          0          0       7030   stm32f4xx_hal_tim.o
         4          0          0          0          0       1809   stm32f4xx_hal_tim_ex.o
       160         20          0          0         72       1639   stm32f4xx_hal_timebase_tim.o
      2758         40          0          0          0      18240   stm32f4xx_hal_uart.o
       150         24          0          0          0       6314   stm32f4xx_it.o
        20          6         24          4          0       1335   system_stm32f4xx.o
      3170        850          0         60        740      29649   tasks.o
      1330        332          0         20         40       9279   timers.o
        54          0          0          0          0       3748   timestamp.o
       156         30          0          0       1312       2719   uart_api.o
       436         42          0          0        264       4100   usart.o

    ----------------------------------------------------------------------
     25542       2924       1680        296      40796    1002650   Object Totals
         0          0         32          0          0          0   (incl. Generated)
        34          0          6          9          7          0   (incl. Padding)

    ----------------------------------------------------------------------

      Code (inc. data)   RO Data    RW Data    ZI Data      Debug   Library Member Name

        86          0          0          0          0          0   __dczerorl2.o
        32         10          0          0          0         80   cpp_init.o
         0          0          0          0          0          0   entry.o
         0          0          0          0          0          0   entry10a.o
         0          0          0          0          0          0   entry11a.o
         4          0          0          0          0          0   entry12b.o
         8          4          0          0          0          0   entry2.o
         4          0          0          0          0          0   entry5.o
         0          0          0          0          0          0   entry7b.o
         4          0          0          0          0          0   entry8a.o
         0          0          0          0          0          0   entry8b.o
         8          4          0          0          0          0   entry9a.o
        30          0          0          0          0          0   handlers.o
        36          8          0          0          0         68   init.o
         0          0          0          0          0          0   iusefp.o
        98          0          0          0          0         84   ldiv.o
        30          0          0          0          0         68   llshl.o
        36          0          0          0          0         68   llsshr.o
        32          0          0          0          0         68   llushr.o
        36          0          0          0          0         68   memcpya.o
        36          0          0          0          0        108   memseta.o
      2218         90          0          0          0        464   printfa.o
         0          0          0          4          0          0   stdout.o
        28          0          0          0          0         76   strcmp.o
        14          0          0          0          0         68   strlen.o
        30          0          0          0          0         80   strncmp.o
        44          0          0          0          0         80   uidiv.o
        98          0          0          0          0         92   uldiv.o
        48          0          0          0          0         68   cdrcmple.o
       334          0          0          0          0        148   dadd.o
       222          0          0          0          0        100   ddiv.o
       186          0          0          0          0        176   depilogue.o
        48          0          0          0          0         68   dfixul.o
       228          0          0          0          0         96   dmul.o

    ----------------------------------------------------------------------
      3982        116          0          4          0       2128   Library Totals
         4          0          0          0          0          0   (incl. Padding)

    ----------------------------------------------------------------------

      Code (inc. data)   RO Data    RW Data    ZI Data      Debug   Library Name

      2912        116          0          4          0       1472   mc_w.l
      1066          0          0          0          0        656   mf_w.l

    ----------------------------------------------------------------------
      3982        116          0          4          0       2128   Library Totals

    ----------------------------------------------------------------------

==============================================================================


      Code (inc. data)   RO Data    RW Data    ZI Data      Debug   

     29524       3040       1680        300      40796     979570   Grand Totals
     29524       3040       1680         92      40796     979570   ELF Image Totals (compressed)
     29524       3040       1680         92          0          0   ROM Totals

==============================================================================

    Total RO  Size (Code + RO Data)                31204 (  30.47kB)
    Total RW  Size (RW Data + ZI Data)             41096 (  40.13kB)
    Total ROM Size (Code + RO Data + RW Data)      31296 (  30.56kB)

==============================================================================

